This is BibTeX, Version 0.99e (MiKTeX 25.12)
The top-level auxiliary file: main.aux
The style file: IEEEtran.bst
Database file #1: references.bib
Database file #2: refs_w1.bib
Database file #3: refs_w2.bib
Repeated entry---line 2 of file refs_w2.bib
 : @misc{kizilirmak2023
 :                     ,
I'm skipping whatever remains of this entry
Repeated entry---line 7 of file refs_w2.bib
 : @article{bulacu2007
 :                    ,
I'm skipping whatever remains of this entry
Database file #4: refs_w3.bib
Database file #5: refs_w4.bib
Database file #6: refs_w5.bib
-- IEEEtran.bst version 1.14 (2015/08/26) by Michael Shell.
-- http://www.michaelshell.org/tex/ieeetran/bibtex/
-- See the "IEEEtran_bst_HOWTO.pdf" manual for usage information.

Done.
(There were 2 error messages)
bibtex: major issue: So far, you have not checked for MiKTeX updates.
