\BOOKMARK [0][-]{table.2}{\376\377\000P\000a\000r\000t\000\040\0002\000.\000\040\000P\000r\000o\000j\000e\000c\000t\000\040\000d\000e\000f\000i\000n\000i\000t\000i\000o\000n\000:\000\040\000a\000p\000p\000r\000o\000v\000e\000d\000\040\000P\000r\000o\000j\000e\000c\000t\000\040\000P\000r\000o\000p\000o\000s\000a\000l}{}% 1
\BOOKMARK [0][-]{table.2}{\376\377\0001\000.\000\040\000P\000r\000o\000j\000e\000c\000t\000\040\000d\000e\000s\000c\000r\000i\000p\000t\000i\000o\000n}{}% 2
\BOOKMARK [0][-]{table.2}{\376\377\0002\000.\000\040\000T\000e\000c\000h\000n\000i\000c\000a\000l\000\040\000c\000h\000a\000l\000l\000e\000n\000g\000e\000s\000\040\000i\000n\000\040\000t\000h\000i\000s\000\040\000p\000r\000o\000j\000e\000c\000t}{}% 3
\BOOKMARK [0][-]{table.2}{\376\377\0003\000.\000\040\000F\000u\000n\000c\000t\000i\000o\000n\000a\000l\000\040\000a\000n\000a\000l\000y\000s\000i\000s}{}% 4
\BOOKMARK [0][-]{table.2}{\376\377\0004\000.\000\040\000S\000y\000s\000t\000e\000m\000\040\000r\000e\000q\000u\000i\000r\000e\000m\000e\000n\000t\000s\000\040\000a\000n\000d\000\040\000s\000p\000e\000c\000i\000f\000i\000c\000a\000t\000i\000o\000n\000s}{}% 5
\BOOKMARK [0][-]{table.2}{\376\377\0005\000.\000\040\000F\000i\000e\000l\000d\000\040\000c\000o\000n\000d\000i\000t\000i\000o\000n\000s}{}% 6
\BOOKMARK [0][-]{table.2}{\376\377\0006\000.\000\040\000S\000t\000u\000d\000e\000n\000t\000\040\000t\000a\000s\000k\000s}{}% 7
\BOOKMARK [0][-]{table.2}{\376\377\000P\000a\000r\000t\000\040\0003\000.\000\040\000M\000a\000i\000n\000\040\000R\000e\000p\000o\000r\000t}{}% 8
\BOOKMARK [1][-]{section.1}{\376\377\000L\000i\000t\000e\000r\000a\000t\000u\000r\000e\000\040\000s\000t\000u\000d\000y}{table.2}% 9
\BOOKMARK [2][-]{subsection.1.1}{\376\377\000B\000a\000c\000k\000g\000r\000o\000u\000n\000d\000\040\000a\000n\000d\000\040\000c\000o\000n\000t\000e\000x\000t}{section.1}% 10
\BOOKMARK [3][-]{subsubsection.1.1.1}{\376\377\000H\000a\000n\000d\000w\000r\000i\000t\000i\000n\000g\000\040\000r\000e\000c\000o\000g\000n\000i\000t\000i\000o\000n\000:\000\040\000p\000r\000o\000b\000l\000e\000m\000,\000\040\000d\000a\000t\000a\000\040\000a\000n\000d\000\040\000e\000a\000r\000l\000y\000\040\000s\000o\000l\000u\000t\000i\000o\000n\000s}{subsection.1.1}% 11
\BOOKMARK [3][-]{subsubsection.1.1.2}{\376\377\000S\000e\000q\000u\000e\000n\000c\000e\000\040\000r\000e\000c\000o\000g\000n\000i\000t\000i\000o\000n\000\040\000w\000i\000t\000h\000\040\000n\000e\000u\000r\000a\000l\000\040\000n\000e\000t\000w\000o\000r\000k\000s}{subsection.1.1}% 12
\BOOKMARK [3][-]{subsubsection.1.1.3}{\376\377\000I\000m\000a\000g\000e\000\040\000p\000r\000e\000-\000p\000r\000o\000c\000e\000s\000s\000i\000n\000g\000\040\000a\000n\000d\000\040\000p\000a\000g\000e\000\040\000s\000e\000g\000m\000e\000n\000t\000a\000t\000i\000o\000n}{subsection.1.1}% 13
\BOOKMARK [3][-]{subsubsection.1.1.4}{\376\377\000W\000r\000i\000t\000e\000r\000\040\000i\000d\000e\000n\000t\000i\000f\000i\000c\000a\000t\000i\000o\000n\000\040\000a\000n\000d\000\040\000s\000t\000y\000l\000e}{subsection.1.1}% 14
\BOOKMARK [3][-]{subsubsection.1.1.5}{\376\377\000H\000a\000n\000d\000w\000r\000i\000t\000i\000n\000g\000\040\000s\000y\000n\000t\000h\000e\000s\000i\000s\000\040\000a\000n\000d\000\040\000p\000e\000n\000-\000p\000a\000t\000h\000\040\000g\000e\000n\000e\000r\000a\000t\000i\000o\000n}{subsection.1.1}% 15
\BOOKMARK [3][-]{subsubsection.1.1.6}{\376\377\000R\000o\000b\000o\000t\000i\000c\000\040\000w\000r\000i\000t\000i\000n\000g\000\040\000a\000n\000d\000\040\000l\000i\000n\000e\000a\000r\000\040\000m\000o\000t\000i\000o\000n}{subsection.1.1}% 16
\BOOKMARK [3][-]{subsubsection.1.1.7}{\376\377\000E\000m\000b\000e\000d\000d\000e\000d\000\040\000d\000e\000p\000l\000o\000y\000m\000e\000n\000t\000\040\000a\000n\000d\000\040\000s\000h\000o\000r\000t\000c\000o\000m\000i\000n\000g\000s\000\040\000o\000f\000\040\000t\000h\000e\000\040\000l\000i\000t\000e\000r\000a\000t\000u\000r\000e}{subsection.1.1}% 17
\BOOKMARK [2][-]{subsection.1.2}{\376\377\000A\000p\000p\000l\000i\000c\000a\000t\000i\000o\000n\000\040\000o\000f\000\040\000t\000h\000e\000\040\000b\000a\000c\000k\000g\000r\000o\000u\000n\000d\000\040\000t\000o\000\040\000t\000h\000i\000s\000\040\000p\000r\000o\000j\000e\000c\000t}{section.1}% 18
\BOOKMARK [3][-]{subsubsection.1.2.1}{\376\377\000R\000e\000a\000d\000i\000n\000g\000\040\000a\000n\000d\000\040\000i\000d\000e\000n\000t\000i\000f\000i\000c\000a\000t\000i\000o\000n\000\040\000\050\000R\0002\000,\000\040\000R\0004\000\051}{subsection.1.2}% 19
\BOOKMARK [3][-]{subsubsection.1.2.2}{\376\377\000R\000e\000p\000r\000o\000d\000u\000c\000t\000i\000o\000n\000\040\000\050\000R\0001\000,\000\040\000R\0003\000,\000\040\000R\0005\000,\000\040\000R\0006\000\051}{subsection.1.2}% 20
\BOOKMARK [3][-]{subsubsection.1.2.3}{\376\377\000E\000m\000b\000e\000d\000d\000e\000d\000\040\000e\000x\000e\000c\000u\000t\000i\000o\000n\000\040\000a\000n\000d\000\040\000t\000h\000e\000\040\000c\000o\000n\000t\000r\000i\000b\000u\000t\000i\000o\000n}{subsection.1.2}% 21
\BOOKMARK [1][-]{section.2}{\376\377\000A\000p\000p\000r\000o\000a\000c\000h}{table.2}% 22
\BOOKMARK [2][-]{subsection.2.1}{\376\377\000F\000r\000o\000m\000\040\000f\000u\000n\000c\000t\000i\000o\000n\000a\000l\000\040\000a\000n\000a\000l\000y\000s\000i\000s\000\040\000t\000o\000\040\000c\000o\000n\000c\000e\000p\000t}{section.2}% 23
\BOOKMARK [2][-]{subsection.2.2}{\376\377\000D\000e\000s\000i\000g\000n\000\040\000a\000l\000t\000e\000r\000n\000a\000t\000i\000v\000e\000s\000\040\000a\000n\000d\000\040\000t\000r\000a\000d\000e\000-\000o\000f\000f\000s}{section.2}% 24
\BOOKMARK [2][-]{subsection.2.3}{\376\377\000O\000f\000f\000-\000t\000h\000e\000-\000s\000h\000e\000l\000f\000\040\000c\000o\000m\000p\000o\000n\000e\000n\000t\000s\000\040\000a\000n\000d\000\040\000o\000w\000n\000\040\000d\000e\000s\000i\000g\000n}{section.2}% 25
\BOOKMARK [2][-]{subsection.2.4}{\376\377\000V\000e\000r\000i\000f\000i\000c\000a\000t\000i\000o\000n\000\040\000s\000t\000r\000a\000t\000e\000g\000y\000\040\000a\000n\000d\000\040\000r\000o\000a\000d\000m\000a\000p}{section.2}% 26
\BOOKMARK [1][-]{section.3}{\376\377\000D\000e\000s\000i\000g\000n\000\040\000a\000n\000d\000\040\000i\000m\000p\000l\000e\000m\000e\000n\000t\000a\000t\000i\000o\000n}{table.2}% 27
\BOOKMARK [2][-]{subsection.3.1}{\376\377\000D\000e\000s\000i\000g\000n\000\040\000s\000u\000m\000m\000a\000r\000y}{section.3}% 28
\BOOKMARK [2][-]{subsection.3.2}{\376\377\000S\000y\000s\000t\000e\000m\000\040\000b\000l\000o\000c\000k\000\040\000d\000i\000a\000g\000r\000a\000m}{section.3}% 29
\BOOKMARK [3][-]{subsubsection.3.2.1}{\376\377\000H\000a\000r\000d\000w\000a\000r\000e\000\040\000b\000l\000o\000c\000k\000\040\000d\000i\000a\000g\000r\000a\000m}{subsection.3.2}% 30
\BOOKMARK [3][-]{subsubsection.3.2.2}{\376\377\000S\000o\000f\000t\000w\000a\000r\000e\000\040\000b\000l\000o\000c\000k\000\040\000d\000i\000a\000g\000r\000a\000m\000\040\000a\000n\000d\000\040\000s\000y\000s\000t\000e\000m\000s\000-\000l\000e\000v\000e\000l\000\040\000d\000e\000s\000c\000r\000i\000p\000t\000i\000o\000n}{subsection.3.2}% 31
\BOOKMARK [2][-]{subsection.3.3}{\376\377\000P\000a\000g\000e\000\040\000c\000o\000n\000d\000i\000t\000i\000o\000n\000i\000n\000g\000\040\000a\000n\000d\000\040\000l\000i\000n\000e\000\040\000s\000e\000g\000m\000e\000n\000t\000a\000t\000i\000o\000n}{section.3}% 32
\BOOKMARK [3][-]{subsubsection.3.3.1}{\376\377\000M\000o\000t\000i\000v\000a\000t\000i\000o\000n\000\040\000a\000n\000d\000\040\000d\000e\000s\000i\000g\000n\000\040\000g\000o\000a\000l\000s}{subsection.3.3}% 33
\BOOKMARK [3][-]{subsubsection.3.3.2}{\376\377\000S\000t\000a\000g\000e\000\040\0001\000\040\000a\000n\000d\000\040\0003\000:\000\040\000s\000i\000z\000e\000\040\000n\000o\000r\000m\000a\000l\000i\000s\000a\000t\000i\000o\000n\000,\000\040\000g\000r\000e\000y\000\040\000c\000o\000n\000v\000e\000r\000s\000i\000o\000n\000\040\000a\000n\000d\000\040\000i\000l\000l\000u\000m\000i\000n\000a\000t\000i\000o\000n\000\040\000c\000o\000r\000r\000e\000c\000t\000i\000o\000n}{subsection.3.3}% 34
\BOOKMARK [3][-]{subsubsection.3.3.3}{\376\377\000S\000t\000a\000g\000e\000\040\0002\000:\000\040\000p\000a\000p\000e\000r\000\040\000l\000o\000c\000a\000l\000i\000s\000a\000t\000i\000o\000n}{subsection.3.3}% 35
\BOOKMARK [3][-]{subsubsection.3.3.4}{\376\377\000S\000t\000a\000g\000e\000\040\0004\000:\000\040\000b\000i\000n\000a\000r\000i\000s\000a\000t\000i\000o\000n\000,\000\040\000r\000e\000d\000-\000i\000n\000k\000\040\000e\000x\000c\000l\000u\000s\000i\000o\000n\000\040\000a\000n\000d\000\040\000s\000p\000e\000c\000k\000l\000e\000\040\000r\000e\000m\000o\000v\000a\000l}{subsection.3.3}% 36
\BOOKMARK [3][-]{subsubsection.3.3.5}{\376\377\000S\000t\000a\000g\000e\000\040\0007\000:\000\040\000c\000o\000n\000n\000e\000c\000t\000e\000d\000\040\000c\000o\000m\000p\000o\000n\000e\000n\000t\000s\000\040\000a\000n\000d\000\040\000t\000h\000e\000\040\000g\000l\000y\000p\000h\000-\000h\000e\000i\000g\000h\000t\000\040\000s\000c\000a\000l\000e}{subsection.3.3}% 37
\BOOKMARK [3][-]{subsubsection.3.3.6}{\376\377\000S\000t\000a\000g\000e\000\040\0005\000:\000\040\000s\000k\000e\000w\000\040\000e\000s\000t\000i\000m\000a\000t\000i\000o\000n\000\040\000a\000n\000d\000\040\000r\000o\000t\000a\000t\000i\000o\000n}{subsection.3.3}% 38
\BOOKMARK [3][-]{subsubsection.3.3.7}{\376\377\000S\000t\000a\000g\000e\000\040\0006\000:\000\040\000r\000e\000m\000o\000v\000a\000l\000\040\000o\000f\000\040\000p\000r\000i\000n\000t\000e\000d\000\040\000s\000t\000r\000u\000c\000t\000u\000r\000e\000\040\000a\000n\000d\000\040\000f\000a\000i\000n\000t\000\040\000m\000a\000r\000k\000s}{subsection.3.3}% 39
\BOOKMARK [3][-]{subsubsection.3.3.8}{\376\377\000S\000t\000a\000g\000e\000\040\0008\000a\000:\000\040\000t\000e\000x\000t\000\040\000v\000e\000r\000s\000u\000s\000\040\000n\000o\000n\000-\000t\000e\000x\000t}{subsection.3.3}% 40
\BOOKMARK [3][-]{subsubsection.3.3.9}{\376\377\000S\000t\000a\000g\000e\000\040\0008\000b\000:\000\040\000g\000r\000o\000u\000p\000i\000n\000g\000\040\000c\000o\000m\000p\000o\000n\000e\000n\000t\000s\000\040\000i\000n\000t\000o\000\040\000l\000i\000n\000e\000s}{subsection.3.3}% 41
\BOOKMARK [3][-]{subsubsection.3.3.10}{\376\377\000S\000t\000a\000g\000e\000\040\0009\000:\000\040\000p\000i\000x\000e\000l\000\040\000o\000w\000n\000e\000r\000s\000h\000i\000p\000\040\000a\000n\000d\000\040\000r\000e\000n\000d\000e\000r\000i\000n\000g\000\040\000o\000f\000\040\000t\000h\000e\000\040\000l\000i\000n\000e\000\040\000c\000r\000o\000p\000s}{subsection.3.3}% 42
\BOOKMARK [3][-]{subsubsection.3.3.11}{\376\377\000D\000a\000t\000a\000\040\000s\000e\000t\000s\000,\000\040\000c\000o\000m\000p\000l\000e\000x\000i\000t\000y\000,\000\040\000p\000e\000r\000f\000o\000r\000m\000a\000n\000c\000e\000\040\000a\000n\000d\000\040\000l\000i\000m\000i\000t\000a\000t\000i\000o\000n\000s}{subsection.3.3}% 43
\BOOKMARK [2][-]{subsection.3.4}{\376\377\000T\000e\000x\000t\000\040\000r\000e\000c\000o\000g\000n\000i\000t\000i\000o\000n}{section.3}% 44
\BOOKMARK [3][-]{subsubsection.3.4.1}{\376\377\000P\000r\000o\000b\000l\000e\000m\000\040\000s\000t\000a\000t\000e\000m\000e\000n\000t\000\040\000a\000n\000d\000\040\000d\000e\000s\000i\000g\000n\000\040\000a\000p\000p\000r\000o\000a\000c\000h}{subsection.3.4}% 45
\BOOKMARK [3][-]{subsubsection.3.4.2}{\376\377\000I\000n\000p\000u\000t\000\040\000p\000r\000e\000-\000p\000r\000o\000c\000e\000s\000s\000i\000n\000g}{subsection.3.4}% 46
\BOOKMARK [3][-]{subsubsection.3.4.3}{\376\377\000N\000e\000t\000w\000o\000r\000k\000\040\000a\000r\000c\000h\000i\000t\000e\000c\000t\000u\000r\000e}{subsection.3.4}% 47
\BOOKMARK [3][-]{subsubsection.3.4.4}{\376\377\000C\000o\000n\000n\000e\000c\000t\000i\000o\000n\000i\000s\000t\000\040\000t\000e\000m\000p\000o\000r\000a\000l\000\040\000c\000l\000a\000s\000s\000i\000f\000i\000c\000a\000t\000i\000o\000n}{subsection.3.4}% 48
\BOOKMARK [3][-]{subsubsection.3.4.5}{\376\377\000T\000r\000a\000i\000n\000i\000n\000g\000\040\000d\000a\000t\000a\000\040\000a\000n\000d\000\040\000s\000p\000l\000i\000t\000s}{subsection.3.4}% 49
\BOOKMARK [3][-]{subsubsection.3.4.6}{\376\377\000T\000r\000a\000i\000n\000i\000n\000g\000\040\000p\000r\000o\000c\000e\000d\000u\000r\000e}{subsection.3.4}% 50
\BOOKMARK [3][-]{subsubsection.3.4.7}{\376\377\000E\000v\000a\000l\000u\000a\000t\000i\000o\000n\000\040\000m\000e\000t\000r\000i\000c\000s}{subsection.3.4}% 51
\BOOKMARK [3][-]{subsubsection.3.4.8}{\376\377\000D\000e\000s\000i\000g\000n\000-\000s\000t\000a\000g\000e\000\040\000e\000v\000i\000d\000e\000n\000c\000e}{subsection.3.4}% 52
\BOOKMARK [3][-]{subsubsection.3.4.9}{\376\377\000I\000n\000f\000e\000r\000e\000n\000c\000e\000\040\000i\000m\000p\000l\000e\000m\000e\000n\000t\000a\000t\000i\000o\000n\000\040\000f\000o\000r\000\040\000t\000h\000e\000\040\000s\000i\000n\000g\000l\000e\000-\000b\000o\000a\000r\000d\000\040\000c\000o\000m\000p\000u\000t\000e\000r}{subsection.3.4}% 53
\BOOKMARK [3][-]{subsubsection.3.4.10}{\376\377\000D\000e\000s\000i\000g\000n\000\040\000a\000l\000t\000e\000r\000n\000a\000t\000i\000v\000e\000s\000\040\000a\000n\000d\000\040\000j\000u\000s\000t\000i\000f\000i\000c\000a\000t\000i\000o\000n}{subsection.3.4}% 54
\BOOKMARK [2][-]{subsection.3.5}{\376\377\000W\000r\000i\000t\000e\000r\000\040\000i\000d\000e\000n\000t\000i\000f\000i\000c\000a\000t\000i\000o\000n}{section.3}% 55
\BOOKMARK [3][-]{subsubsection.3.5.1}{\376\377\000P\000r\000o\000b\000l\000e\000m\000\040\000s\000t\000a\000t\000e\000m\000e\000n\000t\000\040\000a\000n\000d\000\040\000t\000h\000e\000\040\000n\000e\000e\000d\000\040\000f\000o\000r\000\040\000t\000w\000o\000\040\000c\000l\000a\000s\000s\000i\000f\000i\000e\000r\000s}{subsection.3.5}% 56
\BOOKMARK [3][-]{subsubsection.3.5.2}{\376\377\000A\000r\000c\000h\000i\000t\000e\000c\000t\000u\000r\000e}{subsection.3.5}% 57
\BOOKMARK [3][-]{subsubsection.3.5.3}{\376\377\000S\000t\000r\000o\000k\000e\000\040\000n\000o\000r\000m\000a\000l\000i\000s\000a\000t\000i\000o\000n}{subsection.3.5}% 58
\BOOKMARK [3][-]{subsubsection.3.5.4}{\376\377\000T\000r\000a\000i\000n\000i\000n\000g\000\040\000d\000a\000t\000a\000,\000\040\000p\000r\000o\000t\000o\000c\000o\000l\000\040\000a\000n\000d\000\040\000l\000e\000a\000k\000a\000g\000e}{subsection.3.5}% 59
\BOOKMARK [3][-]{subsubsection.3.5.5}{\376\377\000F\000r\000o\000m\000\040\000l\000i\000n\000e\000\040\000d\000e\000c\000i\000s\000i\000o\000n\000s\000\040\000t\000o\000\040\000a\000\040\000p\000a\000g\000e\000\040\000d\000e\000c\000i\000s\000i\000o\000n}{subsection.3.5}% 60
\BOOKMARK [3][-]{subsubsection.3.5.6}{\376\377\000D\000e\000s\000i\000g\000n\000-\000s\000t\000a\000g\000e\000\040\000e\000v\000i\000d\000e\000n\000c\000e}{subsection.3.5}% 61
\BOOKMARK [3][-]{subsubsection.3.5.7}{\376\377\000A\000l\000t\000e\000r\000n\000a\000t\000i\000v\000e\000s\000\040\000a\000n\000d\000\040\000j\000u\000s\000t\000i\000f\000i\000c\000a\000t\000i\000o\000n}{subsection.3.5}% 62
\BOOKMARK [3][-]{subsubsection.3.5.8}{\376\377\000I\000n\000f\000e\000r\000e\000n\000c\000e\000\040\000o\000n\000\040\000t\000h\000e\000\040\000s\000i\000n\000g\000l\000e\000-\000b\000o\000a\000r\000d\000\040\000c\000o\000m\000p\000u\000t\000e\000r}{subsection.3.5}% 63
\BOOKMARK [2][-]{subsection.3.6}{\376\377\000S\000t\000y\000l\000e\000\040\000e\000x\000t\000r\000a\000c\000t\000i\000o\000n\000\040\000a\000n\000d\000\040\000g\000l\000y\000p\000h\000\040\000l\000i\000b\000r\000a\000r\000y}{section.3}% 64
\BOOKMARK [3][-]{subsubsection.3.6.1}{\376\377\000F\000o\000r\000c\000e\000d\000\040\000a\000l\000i\000g\000n\000m\000e\000n\000t\000:\000\040\000w\000h\000e\000r\000e\000\040\000i\000s\000\040\000e\000a\000c\000h\000\040\000c\000h\000a\000r\000a\000c\000t\000e\000r\000?}{subsection.3.6}% 65
\BOOKMARK [3][-]{subsubsection.3.6.2}{\376\377\000F\000r\000o\000m\000\040\000i\000n\000k\000\040\000t\000o\000\040\000o\000r\000d\000e\000r\000e\000d\000\040\000p\000e\000n\000\040\000p\000a\000t\000h\000s}{subsection.3.6}% 66
\BOOKMARK [3][-]{subsubsection.3.6.3}{\376\377\000V\000a\000r\000i\000a\000n\000t\000s\000,\000\040\000q\000u\000a\000l\000i\000t\000y\000\040\000g\000a\000t\000e\000s\000\040\000a\000n\000d\000\040\000t\000h\000e\000\040\000c\000r\000o\000s\000s\000-\000w\000r\000i\000t\000e\000r\000\040\000l\000e\000t\000t\000e\000r\000\040\000p\000r\000i\000o\000r}{subsection.3.6}% 67
\BOOKMARK [3][-]{subsubsection.3.6.4}{\376\377\000S\000t\000y\000l\000e\000\040\000s\000t\000a\000t\000i\000s\000t\000i\000c\000s\000\040\000a\000n\000d\000\040\000p\000e\000r\000m\000a\000n\000e\000n\000t\000\040\000s\000t\000o\000r\000a\000g\000e}{subsection.3.6}% 68
\BOOKMARK [3][-]{subsubsection.3.6.5}{\376\377\000D\000e\000s\000i\000g\000n\000\040\000a\000l\000t\000e\000r\000n\000a\000t\000i\000v\000e\000s\000\040\000a\000n\000d\000\040\000j\000u\000s\000t\000i\000f\000i\000c\000a\000t\000i\000o\000n}{subsection.3.6}% 69
\BOOKMARK [2][-]{subsection.3.7}{\376\377\000H\000a\000n\000d\000w\000r\000i\000t\000i\000n\000g\000\040\000s\000y\000n\000t\000h\000e\000s\000i\000s}{section.3}% 70
\BOOKMARK [3][-]{subsubsection.3.7.1}{\376\377\000G\000l\000o\000b\000a\000l\000\040\000q\000u\000a\000n\000t\000i\000t\000i\000e\000s\000\040\000a\000n\000d\000\040\000g\000l\000y\000p\000h\000\040\000c\000h\000o\000i\000c\000e}{subsection.3.7}% 71
\BOOKMARK [3][-]{subsubsection.3.7.2}{\376\377\000P\000l\000a\000c\000e\000m\000e\000n\000t\000,\000\040\000j\000o\000i\000n\000s\000\040\000a\000n\000d\000\040\000r\000a\000n\000d\000o\000m\000n\000e\000s\000s}{subsection.3.7}% 72
\BOOKMARK [3][-]{subsubsection.3.7.3}{\376\377\000B\000e\000s\000t\000-\000o\000f\000-\000N\000\040\000s\000e\000a\000r\000c\000h\000\040\000w\000i\000t\000h\000\040\000j\000o\000i\000n\000t\000\040\000s\000c\000o\000r\000i\000n\000g}{subsection.3.7}% 73
\BOOKMARK [3][-]{subsubsection.3.7.4}{\376\377\000D\000e\000s\000i\000g\000n\000-\000s\000t\000a\000g\000e\000\040\000e\000v\000i\000d\000e\000n\000c\000e\000\040\000a\000n\000d\000\040\000i\000t\000s\000\040\000l\000i\000m\000i\000t\000s}{subsection.3.7}% 74
\BOOKMARK [3][-]{subsubsection.3.7.5}{\376\377\000D\000e\000s\000i\000g\000n\000\040\000a\000l\000t\000e\000r\000n\000a\000t\000i\000v\000e\000s\000\040\000a\000n\000d\000\040\000j\000u\000s\000t\000i\000f\000i\000c\000a\000t\000i\000o\000n}{subsection.3.7}% 75
\BOOKMARK [2][-]{subsection.3.8}{\376\377\000G\000-\000c\000o\000d\000e\000\040\000g\000e\000n\000e\000r\000a\000t\000i\000o\000n}{section.3}% 76
\BOOKMARK [3][-]{subsubsection.3.8.1}{\376\377\000C\000o\000o\000r\000d\000i\000n\000a\000t\000e\000\040\000f\000r\000a\000m\000e\000s\000,\000\040\000p\000l\000a\000c\000e\000m\000e\000n\000t\000\040\000a\000n\000d\000\040\000o\000r\000d\000e\000r\000i\000n\000g}{subsection.3.8}% 77
\BOOKMARK [3][-]{subsubsection.3.8.2}{\376\377\000P\000e\000n\000\040\000s\000t\000a\000t\000e\000,\000\040\000f\000e\000e\000d\000\040\000r\000a\000t\000e\000s\000\040\000a\000n\000d\000\040\000p\000r\000o\000g\000r\000a\000m\000\040\000s\000t\000r\000u\000c\000t\000u\000r\000e}{subsection.3.8}% 78
\BOOKMARK [3][-]{subsubsection.3.8.3}{\376\377\000T\000i\000m\000e\000\040\000m\000o\000d\000e\000l}{subsection.3.8}% 79
\BOOKMARK [3][-]{subsubsection.3.8.4}{\376\377\000V\000e\000r\000i\000f\000i\000c\000a\000t\000i\000o\000n\000\040\000o\000f\000\040\000t\000h\000e\000\040\000p\000r\000o\000g\000r\000a\000m}{subsection.3.8}% 80
\BOOKMARK [2][-]{subsection.3.9}{\376\377\000G\000a\000n\000t\000r\000y\000\040\000c\000o\000n\000t\000r\000o\000l\000\040\000a\000n\000d\000\040\000h\000a\000r\000d\000w\000a\000r\000e}{section.3}% 81
\BOOKMARK [3][-]{subsubsection.3.9.1}{\376\377\000H\000a\000r\000d\000w\000a\000r\000e\000\040\000b\000l\000o\000c\000k\000s\000\040\000a\000n\000d\000\040\000p\000i\000n\000\040\000a\000s\000s\000i\000g\000n\000m\000e\000n\000t}{subsection.3.9}% 82
\BOOKMARK [3][-]{subsubsection.3.9.2}{\376\377\000S\000t\000e\000p\000\040\000g\000e\000n\000e\000r\000a\000t\000i\000o\000n\000,\000\040\000r\000e\000s\000o\000l\000u\000t\000i\000o\000n\000\040\000a\000n\000d\000\040\000s\000p\000e\000e\000d}{subsection.3.9}% 83
\BOOKMARK [3][-]{subsubsection.3.9.3}{\376\377\000B\000r\000e\000s\000e\000n\000h\000a\000m\000\040\000l\000i\000n\000e\000\040\000i\000n\000t\000e\000r\000p\000o\000l\000a\000t\000i\000o\000n}{subsection.3.9}% 84
\BOOKMARK [3][-]{subsubsection.3.9.4}{\376\377\000D\000i\000r\000e\000c\000t\000i\000o\000n\000-\000a\000g\000n\000o\000s\000t\000i\000c\000\040\000c\000a\000l\000i\000b\000r\000a\000t\000i\000o\000n}{subsection.3.9}% 85
\BOOKMARK [3][-]{subsubsection.3.9.5}{\376\377\000E\000n\000d\000-\000s\000t\000o\000p\000\040\000m\000o\000n\000i\000t\000o\000r\000i\000n\000g\000,\000\040\000e\000m\000e\000r\000g\000e\000n\000c\000y\000\040\000s\000t\000o\000p\000\040\000a\000n\000d\000\040\000p\000e\000n\000\040\000m\000e\000c\000h\000a\000n\000i\000s\000m}{subsection.3.9}% 86
\BOOKMARK [2][-]{subsection.3.10}{\376\377\000S\000o\000f\000t\000w\000a\000r\000e\000\040\000a\000r\000c\000h\000i\000t\000e\000c\000t\000u\000r\000e\000\040\000a\000n\000d\000\040\000s\000y\000s\000t\000e\000m\000\040\000i\000n\000t\000e\000g\000r\000a\000t\000i\000o\000n}{section.3}% 87
\BOOKMARK [3][-]{subsubsection.3.10.1}{\376\377\000M\000o\000d\000u\000l\000e\000s\000\040\000a\000n\000d\000\040\000d\000a\000t\000a\000\040\000f\000l\000o\000w}{subsection.3.10}% 88
\BOOKMARK [3][-]{subsubsection.3.10.2}{\376\377\000S\000t\000a\000r\000t\000-\000u\000p\000,\000\040\000c\000a\000c\000h\000i\000n\000g\000,\000\040\000j\000o\000b\000\040\000s\000t\000o\000r\000a\000g\000e\000\040\000a\000n\000d\000\040\000d\000e\000p\000l\000o\000y\000m\000e\000n\000t}{subsection.3.10}% 89
\BOOKMARK [3][-]{subsubsection.3.10.3}{\376\377\000T\000i\000m\000i\000n\000g\000\040\000c\000h\000a\000i\000n\000s\000\040\000o\000f\000\040\000t\000h\000e\000\040\000t\000w\000o\000\040\000m\000o\000d\000e\000s}{subsection.3.10}% 90
\BOOKMARK [1][-]{section.4}{\376\377\000R\000e\000s\000u\000l\000t\000s}{table.2}% 91
\BOOKMARK [2][-]{subsection.4.1}{\376\377\000S\000u\000m\000m\000a\000r\000y\000\040\000o\000f\000\040\000r\000e\000s\000u\000l\000t\000s\000\040\000a\000c\000h\000i\000e\000v\000e\000d}{section.4}% 92
\BOOKMARK [2][-]{subsection.4.2}{\376\377\000Q\000u\000a\000l\000i\000f\000i\000c\000a\000t\000i\000o\000n\000\040\000t\000e\000s\000t\000s}{section.4}% 93
\BOOKMARK [0][-]{equation.74}{\376\377\000Q\000u\000a\000l\000i\000f\000i\000c\000a\000t\000i\000o\000n\000\040\000t\000e\000s\000t\000\040\0001\000:\000\040\000R\000e\000p\000r\000o\000d\000u\000c\000t\000i\000o\000n\000\040\000f\000i\000d\000e\000l\000i\000t\000y\000\040\000o\000f\000\040\000t\000h\000e\000\040\000s\000y\000n\000t\000h\000e\000s\000i\000s\000e\000d\000\040\000h\000a\000n\000d\000w\000r\000i\000t\000i\000n\000g\000\040\000\050\000R\0001\000\051}{}% 94
\BOOKMARK [0][-]{equation.74}{\376\377\000O\000b\000j\000e\000c\000t\000i\000v\000e\000s\000\040\000o\000f\000\040\000t\000h\000e\000\040\000t\000e\000s\000t\000\040\000o\000r\000\040\000e\000x\000p\000e\000r\000i\000m\000e\000n\000t}{}% 95
\BOOKMARK [0][-]{equation.74}{\376\377\000E\000q\000u\000i\000p\000m\000e\000n\000t\000\040\000u\000s\000e\000d}{}% 96
\BOOKMARK [0][-]{equation.74}{\376\377\000T\000e\000s\000t\000\040\000s\000e\000t\000u\000p\000\040\000a\000n\000d\000\040\000e\000x\000p\000e\000r\000i\000m\000e\000n\000t\000a\000l\000\040\000p\000a\000r\000a\000m\000e\000t\000e\000r\000s}{}% 97
\BOOKMARK [0][-]{equation.74}{\376\377\000S\000t\000e\000p\000s\000\040\000f\000o\000l\000l\000o\000w\000e\000d\000\040\000i\000n\000\040\000t\000h\000e\000\040\000t\000e\000s\000t\000\040\000o\000r\000\040\000e\000x\000p\000e\000r\000i\000m\000e\000n\000t}{}% 98
\BOOKMARK [0][-]{equation.74}{\376\377\000R\000e\000s\000u\000l\000t\000s\000\040\000o\000r\000\040\000m\000e\000a\000s\000u\000r\000e\000m\000e\000n\000t\000s}{}% 99
\BOOKMARK [0][-]{figure.caption.54}{\376\377\000O\000b\000s\000e\000r\000v\000a\000t\000i\000o\000n\000s}{}% 100
\BOOKMARK [0][-]{figure.caption.54}{\376\377\000S\000t\000a\000t\000i\000s\000t\000i\000c\000a\000l\000\040\000a\000n\000a\000l\000y\000s\000i\000s}{}% 101
\BOOKMARK [0][-]{figure.caption.54}{\376\377\000Q\000u\000a\000l\000i\000f\000i\000c\000a\000t\000i\000o\000n\000\040\000t\000e\000s\000t\000\040\0002\000:\000\040\000C\000l\000a\000s\000s\000i\000f\000i\000c\000a\000t\000i\000o\000n\000\040\000o\000f\000\040\000t\000e\000x\000t\000\040\000a\000n\000d\000\040\000w\000r\000i\000t\000e\000r\000\040\000f\000r\000o\000m\000\040\000r\000e\000a\000l\000\040\000p\000h\000o\000t\000o\000g\000r\000a\000p\000h\000e\000d\000\040\000p\000a\000g\000e\000s\000\040\000\050\000R\0002\000\051}{}% 102
\BOOKMARK [0][-]{figure.caption.54}{\376\377\000O\000b\000j\000e\000c\000t\000i\000v\000e\000s\000\040\000o\000f\000\040\000t\000h\000e\000\040\000t\000e\000s\000t\000\040\000o\000r\000\040\000e\000x\000p\000e\000r\000i\000m\000e\000n\000t}{}% 103
\BOOKMARK [0][-]{equation.75}{\376\377\000E\000q\000u\000i\000p\000m\000e\000n\000t\000\040\000u\000s\000e\000d}{}% 104
\BOOKMARK [0][-]{equation.75}{\376\377\000T\000e\000s\000t\000\040\000s\000e\000t\000u\000p\000\040\000a\000n\000d\000\040\000e\000x\000p\000e\000r\000i\000m\000e\000n\000t\000a\000l\000\040\000p\000a\000r\000a\000m\000e\000t\000e\000r\000s}{}% 105
\BOOKMARK [0][-]{equation.75}{\376\377\000S\000t\000e\000p\000s\000\040\000f\000o\000l\000l\000o\000w\000e\000d\000\040\000i\000n\000\040\000t\000h\000e\000\040\000t\000e\000s\000t\000\040\000o\000r\000\040\000e\000x\000p\000e\000r\000i\000m\000e\000n\000t}{}% 106
\BOOKMARK [0][-]{equation.75}{\376\377\000R\000e\000s\000u\000l\000t\000s\000\040\000o\000r\000\040\000m\000e\000a\000s\000u\000r\000e\000m\000e\000n\000t\000s}{}% 107
\BOOKMARK [0][-]{table.caption.55}{\376\377\000O\000b\000s\000e\000r\000v\000a\000t\000i\000o\000n\000s}{}% 108
\BOOKMARK [0][-]{table.caption.55}{\376\377\000S\000t\000a\000t\000i\000s\000t\000i\000c\000a\000l\000\040\000a\000n\000a\000l\000y\000s\000i\000s}{}% 109
\BOOKMARK [0][-]{table.caption.55}{\376\377\000Q\000u\000a\000l\000i\000f\000i\000c\000a\000t\000i\000o\000n\000\040\000t\000e\000s\000t\000\040\0003\000:\000\040\000R\000e\000p\000r\000o\000d\000u\000c\000t\000i\000o\000n\000\040\000t\000i\000m\000e\000\040\000p\000e\000r\000\040\000c\000h\000a\000r\000a\000c\000t\000e\000r\000\040\000\050\000R\0003\000\051}{}% 110
\BOOKMARK [0][-]{table.caption.55}{\376\377\000O\000b\000j\000e\000c\000t\000i\000v\000e\000s\000\040\000o\000f\000\040\000t\000h\000e\000\040\000t\000e\000s\000t\000\040\000o\000r\000\040\000e\000x\000p\000e\000r\000i\000m\000e\000n\000t}{}% 111
\BOOKMARK [0][-]{equation.76}{\376\377\000E\000q\000u\000i\000p\000m\000e\000n\000t\000\040\000u\000s\000e\000d}{}% 112
\BOOKMARK [0][-]{equation.76}{\376\377\000T\000e\000s\000t\000\040\000s\000e\000t\000u\000p\000\040\000a\000n\000d\000\040\000e\000x\000p\000e\000r\000i\000m\000e\000n\000t\000a\000l\000\040\000p\000a\000r\000a\000m\000e\000t\000e\000r\000s}{}% 113
\BOOKMARK [0][-]{equation.76}{\376\377\000S\000t\000e\000p\000s\000\040\000f\000o\000l\000l\000o\000w\000e\000d\000\040\000i\000n\000\040\000t\000h\000e\000\040\000t\000e\000s\000t\000\040\000o\000r\000\040\000e\000x\000p\000e\000r\000i\000m\000e\000n\000t}{}% 114
\BOOKMARK [0][-]{equation.76}{\376\377\000R\000e\000s\000u\000l\000t\000s\000\040\000o\000r\000\040\000m\000e\000a\000s\000u\000r\000e\000m\000e\000n\000t\000s}{}% 115
\BOOKMARK [0][-]{table.caption.56}{\376\377\000O\000b\000s\000e\000r\000v\000a\000t\000i\000o\000n\000s}{}% 116
\BOOKMARK [0][-]{table.caption.56}{\376\377\000S\000t\000a\000t\000i\000s\000t\000i\000c\000a\000l\000\040\000a\000n\000a\000l\000y\000s\000i\000s}{}% 117
\BOOKMARK [0][-]{table.caption.56}{\376\377\000Q\000u\000a\000l\000i\000f\000i\000c\000a\000t\000i\000o\000n\000\040\000t\000e\000s\000t\000\040\0004\000:\000\040\000C\000l\000a\000s\000s\000i\000f\000i\000c\000a\000t\000i\000o\000n\000\040\000t\000i\000m\000e\000\040\000\050\000R\0004\000\051}{}% 118
\BOOKMARK [0][-]{table.caption.56}{\376\377\000O\000b\000j\000e\000c\000t\000i\000v\000e\000s\000\040\000o\000f\000\040\000t\000h\000e\000\040\000t\000e\000s\000t\000\040\000o\000r\000\040\000e\000x\000p\000e\000r\000i\000m\000e\000n\000t}{}% 119
\BOOKMARK [0][-]{equation.77}{\376\377\000E\000q\000u\000i\000p\000m\000e\000n\000t\000\040\000u\000s\000e\000d}{}% 120
\BOOKMARK [0][-]{equation.77}{\376\377\000T\000e\000s\000t\000\040\000s\000e\000t\000u\000p\000\040\000a\000n\000d\000\040\000e\000x\000p\000e\000r\000i\000m\000e\000n\000t\000a\000l\000\040\000p\000a\000r\000a\000m\000e\000t\000e\000r\000s}{}% 121
\BOOKMARK [0][-]{equation.77}{\376\377\000S\000t\000e\000p\000s\000\040\000f\000o\000l\000l\000o\000w\000e\000d\000\040\000i\000n\000\040\000t\000h\000e\000\040\000t\000e\000s\000t\000\040\000o\000r\000\040\000e\000x\000p\000e\000r\000i\000m\000e\000n\000t}{}% 122
\BOOKMARK [0][-]{equation.77}{\376\377\000R\000e\000s\000u\000l\000t\000s\000\040\000o\000r\000\040\000m\000e\000a\000s\000u\000r\000e\000m\000e\000n\000t\000s}{}% 123
\BOOKMARK [0][-]{table.caption.57}{\376\377\000O\000b\000s\000e\000r\000v\000a\000t\000i\000o\000n\000s}{}% 124
\BOOKMARK [0][-]{table.caption.57}{\376\377\000S\000t\000a\000t\000i\000s\000t\000i\000c\000a\000l\000\040\000a\000n\000a\000l\000y\000s\000i\000s}{}% 125
\BOOKMARK [0][-]{table.caption.57}{\376\377\000Q\000u\000a\000l\000i\000f\000i\000c\000a\000t\000i\000o\000n\000\040\000t\000e\000s\000t\000\040\0005\000:\000\040\000A\000b\000s\000o\000l\000u\000t\000e\000\040\000p\000o\000s\000i\000t\000i\000o\000n\000a\000l\000\040\000a\000c\000c\000u\000r\000a\000c\000y\000\040\000o\000f\000\040\000t\000h\000e\000\040\000g\000a\000n\000t\000r\000y\000\040\000\050\000R\0005\000\051}{}% 126
\BOOKMARK [0][-]{table.caption.57}{\376\377\000O\000b\000j\000e\000c\000t\000i\000v\000e\000s\000\040\000o\000f\000\040\000t\000h\000e\000\040\000t\000e\000s\000t\000\040\000o\000r\000\040\000e\000x\000p\000e\000r\000i\000m\000e\000n\000t}{}% 127
\BOOKMARK [0][-]{table.caption.57}{\376\377\000E\000q\000u\000i\000p\000m\000e\000n\000t\000\040\000u\000s\000e\000d}{}% 128
\BOOKMARK [0][-]{table.caption.57}{\376\377\000T\000e\000s\000t\000\040\000s\000e\000t\000u\000p\000\040\000a\000n\000d\000\040\000e\000x\000p\000e\000r\000i\000m\000e\000n\000t\000a\000l\000\040\000p\000a\000r\000a\000m\000e\000t\000e\000r\000s}{}% 129
\BOOKMARK [0][-]{table.caption.57}{\376\377\000S\000t\000e\000p\000s\000\040\000f\000o\000l\000l\000o\000w\000e\000d\000\040\000i\000n\000\040\000t\000h\000e\000\040\000t\000e\000s\000t\000\040\000o\000r\000\040\000e\000x\000p\000e\000r\000i\000m\000e\000n\000t}{}% 130
\BOOKMARK [0][-]{table.caption.57}{\376\377\000R\000e\000s\000u\000l\000t\000s\000\040\000o\000r\000\040\000m\000e\000a\000s\000u\000r\000e\000m\000e\000n\000t\000s}{}% 131
\BOOKMARK [0][-]{table.caption.57}{\376\377\000O\000b\000s\000e\000r\000v\000a\000t\000i\000o\000n\000s}{}% 132
\BOOKMARK [0][-]{table.caption.57}{\376\377\000S\000t\000a\000t\000i\000s\000t\000i\000c\000a\000l\000\040\000a\000n\000a\000l\000y\000s\000i\000s}{}% 133
\BOOKMARK [0][-]{table.caption.57}{\376\377\000Q\000u\000a\000l\000i\000f\000i\000c\000a\000t\000i\000o\000n\000\040\000t\000e\000s\000t\000\040\0006\000:\000\040\000M\000u\000l\000t\000i\000-\000w\000r\000i\000t\000e\000r\000\040\000s\000t\000o\000r\000a\000g\000e\000\040\000\050\000R\0006\000\051}{}% 134
\BOOKMARK [0][-]{table.caption.57}{\376\377\000O\000b\000j\000e\000c\000t\000i\000v\000e\000s\000\040\000o\000f\000\040\000t\000h\000e\000\040\000t\000e\000s\000t\000\040\000o\000r\000\040\000e\000x\000p\000e\000r\000i\000m\000e\000n\000t}{}% 135
\BOOKMARK [0][-]{table.caption.57}{\376\377\000E\000q\000u\000i\000p\000m\000e\000n\000t\000\040\000u\000s\000e\000d}{}% 136
\BOOKMARK [0][-]{table.caption.57}{\376\377\000T\000e\000s\000t\000\040\000s\000e\000t\000u\000p\000\040\000a\000n\000d\000\040\000e\000x\000p\000e\000r\000i\000m\000e\000n\000t\000a\000l\000\040\000p\000a\000r\000a\000m\000e\000t\000e\000r\000s}{}% 137
\BOOKMARK [0][-]{table.caption.57}{\376\377\000S\000t\000e\000p\000s\000\040\000f\000o\000l\000l\000o\000w\000e\000d\000\040\000i\000n\000\040\000t\000h\000e\000\040\000t\000e\000s\000t\000\040\000o\000r\000\040\000e\000x\000p\000e\000r\000i\000m\000e\000n\000t}{}% 138
\BOOKMARK [0][-]{table.caption.57}{\376\377\000R\000e\000s\000u\000l\000t\000s\000\040\000o\000r\000\040\000m\000e\000a\000s\000u\000r\000e\000m\000e\000n\000t\000s}{}% 139
\BOOKMARK [0][-]{table.caption.57}{\376\377\000O\000b\000s\000e\000r\000v\000a\000t\000i\000o\000n\000s}{}% 140
\BOOKMARK [0][-]{table.caption.57}{\376\377\000S\000t\000a\000t\000i\000s\000t\000i\000c\000a\000l\000\040\000a\000n\000a\000l\000y\000s\000i\000s}{}% 141
\BOOKMARK [1][-]{section.5}{\376\377\000D\000i\000s\000c\000u\000s\000s\000i\000o\000n}{table.caption.57}% 142
\BOOKMARK [2][-]{subsection.5.1}{\376\377\000C\000r\000i\000t\000i\000c\000a\000l\000\040\000e\000v\000a\000l\000u\000a\000t\000i\000o\000n\000\040\000o\000f\000\040\000t\000h\000e\000\040\000d\000e\000s\000i\000g\000n}{section.5}% 143
\BOOKMARK [3][-]{subsubsection.5.1.1}{\376\377\000I\000n\000t\000e\000r\000p\000r\000e\000t\000a\000t\000i\000o\000n\000\040\000o\000f\000\040\000r\000e\000s\000u\000l\000t\000s}{subsection.5.1}% 144
\BOOKMARK [3][-]{subsubsection.5.1.2}{\376\377\000C\000r\000i\000t\000i\000c\000a\000l\000\040\000e\000v\000a\000l\000u\000a\000t\000i\000o\000n}{subsection.5.1}% 145
\BOOKMARK [3][-]{subsubsection.5.1.3}{\376\377\000U\000n\000s\000o\000l\000v\000e\000d\000\040\000p\000r\000o\000b\000l\000e\000m\000s}{subsection.5.1}% 146
\BOOKMARK [3][-]{subsubsection.5.1.4}{\376\377\000S\000t\000r\000o\000n\000g\000\040\000p\000o\000i\000n\000t\000s\000\040\000o\000f\000\040\000t\000h\000e\000\040\000d\000e\000s\000i\000g\000n}{subsection.5.1}% 147
\BOOKMARK [3][-]{subsubsection.5.1.5}{\376\377\000E\000x\000p\000e\000c\000t\000e\000d\000\040\000f\000a\000i\000l\000u\000r\000e\000\040\000c\000o\000n\000d\000i\000t\000i\000o\000n\000s}{subsection.5.1}% 148
\BOOKMARK [2][-]{subsection.5.2}{\376\377\000C\000o\000n\000s\000i\000d\000e\000r\000a\000t\000i\000o\000n\000s\000\040\000i\000n\000\040\000t\000h\000e\000\040\000d\000e\000s\000i\000g\000n}{section.5}% 149
\BOOKMARK [3][-]{subsubsection.5.2.1}{\376\377\000D\000e\000s\000i\000g\000n\000\040\000e\000r\000g\000o\000n\000o\000m\000i\000c\000s}{subsection.5.2}% 150
\BOOKMARK [3][-]{subsubsection.5.2.2}{\376\377\000H\000e\000a\000l\000t\000h\000\040\000a\000n\000d\000\040\000s\000a\000f\000e\000t\000y}{subsection.5.2}% 151
\BOOKMARK [3][-]{subsubsection.5.2.3}{\376\377\000E\000n\000v\000i\000r\000o\000n\000m\000e\000n\000t\000a\000l\000\040\000i\000m\000p\000a\000c\000t}{subsection.5.2}% 152
\BOOKMARK [3][-]{subsubsection.5.2.4}{\376\377\000S\000o\000c\000i\000a\000l\000\040\000a\000n\000d\000\040\000l\000e\000g\000a\000l\000\040\000i\000m\000p\000a\000c\000t}{subsection.5.2}% 153
\BOOKMARK [3][-]{subsubsection.5.2.5}{\376\377\000E\000t\000h\000i\000c\000s\000\040\000c\000l\000e\000a\000r\000a\000n\000c\000e}{subsection.5.2}% 154
\BOOKMARK [1][-]{section.6}{\376\377\000C\000o\000n\000c\000l\000u\000s\000i\000o\000n}{table.caption.57}% 155
\BOOKMARK [2][-]{subsection.6.1}{\376\377\000S\000u\000m\000m\000a\000r\000y\000\040\000o\000f\000\040\000t\000h\000e\000\040\000w\000o\000r\000k\000\040\000c\000o\000m\000p\000l\000e\000t\000e\000d}{section.6}% 156
\BOOKMARK [2][-]{subsection.6.2}{\376\377\000S\000u\000m\000m\000a\000r\000y\000\040\000o\000f\000\040\000o\000b\000s\000e\000r\000v\000a\000t\000i\000o\000n\000s\000\040\000a\000n\000d\000\040\000f\000i\000n\000d\000i\000n\000g\000s}{section.6}% 157
\BOOKMARK [2][-]{subsection.6.3}{\376\377\000C\000o\000n\000t\000r\000i\000b\000u\000t\000i\000o\000n}{section.6}% 158
\BOOKMARK [2][-]{subsection.6.4}{\376\377\000S\000u\000g\000g\000e\000s\000t\000i\000o\000n\000s\000\040\000f\000o\000r\000\040\000f\000u\000t\000u\000r\000e\000\040\000w\000o\000r\000k}{section.6}% 159
\BOOKMARK [1][-]{section.7}{\376\377\000R\000e\000f\000e\000r\000e\000n\000c\000e\000s}{table.caption.57}% 160
\BOOKMARK [0][-]{section.7}{\376\377\000A\000p\000p\000e\000n\000d\000i\000x}{}% 161
\BOOKMARK [1][-]{subsection*.58}{\376\377\000A\000p\000p\000e\000n\000d\000i\000x\000:\000\040\000P\000a\000g\000e\000\040\000c\000o\000n\000d\000i\000t\000i\000o\000n\000i\000n\000g\000\040\000a\000n\000d\000\040\000l\000i\000n\000e\000\040\000s\000e\000g\000m\000e\000n\000t\000a\000t\000i\000o\000n\000\040\000\050\000s\000u\000p\000p\000o\000r\000t\000i\000n\000g\000\040\000m\000a\000t\000e\000r\000i\000a\000l\000\051}{section.7}% 162
\BOOKMARK [2][-]{subsection*.72}{\376\377\000A\000p\000p\000e\000n\000d\000i\000x\000:\000\040\000T\000e\000x\000t\000\040\000r\000e\000c\000o\000g\000n\000i\000s\000e\000r\000\040\000\050\000s\000u\000p\000p\000o\000r\000t\000i\000n\000g\000\040\000m\000a\000t\000e\000r\000i\000a\000l\000\051}{subsection*.58}% 163
\BOOKMARK [2][-]{subsection*.84}{\376\377\000A\000p\000p\000e\000n\000d\000i\000x\000:\000\040\000W\000r\000i\000t\000e\000r\000\040\000i\000d\000e\000n\000t\000i\000f\000i\000c\000a\000t\000i\000o\000n\000\040\000\050\000s\000u\000p\000p\000o\000r\000t\000i\000n\000g\000\040\000m\000a\000t\000e\000r\000i\000a\000l\000\051}{subsection*.58}% 164
\BOOKMARK [2][-]{subsection*.90}{\376\377\000A\000p\000p\000e\000n\000d\000i\000x\000:\000\040\000R\000e\000l\000a\000t\000i\000o\000n\000\040\000o\000f\000\040\000t\000h\000e\000\040\000i\000m\000p\000l\000e\000m\000e\000n\000t\000e\000d\000\040\000b\000l\000o\000c\000k\000s\000\040\000t\000o\000\040\000t\000h\000e\000\040\000p\000r\000o\000p\000o\000s\000a\000l}{subsection*.58}% 165
\BOOKMARK [2][-]{subsection*.92}{\376\377\000A\000p\000p\000e\000n\000d\000i\000x\000:\000\040\000f\000u\000r\000t\000h\000e\000r\000\040\000d\000e\000t\000a\000i\000l\000s\000\040\000o\000f\000\040\000S\000e\000c\000t\000i\000o\000n\000s\000\040\0003\000.\0003\000\040\000t\000o\000\040\0003\000.\0005}{subsection*.58}% 166
\BOOKMARK [2][-]{subsection*.98}{\376\377\000A\000p\000p\000e\000n\000d\000i\000x\000:\000\040\000f\000u\000r\000t\000h\000e\000r\000\040\000s\000u\000p\000p\000o\000r\000t\000i\000n\000g\000\040\000m\000a\000t\000e\000r\000i\000a\000l\000\040\000f\000o\000r\000\040\000S\000e\000c\000t\000i\000o\000n\000s\000\040\0003\000.\0003\000\040\000t\000o\000\040\0003\000.\0005\000\040\000\050\000s\000e\000c\000o\000n\000d\000\040\000c\000o\000n\000d\000e\000n\000s\000a\000t\000i\000o\000n\000\051}{subsection*.58}% 167
\BOOKMARK [3][-]{subsubsection*.104}{\376\377\000E\000v\000a\000l\000u\000a\000t\000i\000o\000n\000\040\000m\000e\000t\000r\000i\000c\000s}{subsection*.98}% 168
\BOOKMARK [2][-]{subsection*.106}{\376\377\000A\000p\000p\000e\000n\000d\000i\000x\000:\000\040\000f\000u\000r\000t\000h\000e\000r\000\040\000s\000u\000p\000p\000o\000r\000t\000i\000n\000g\000\040\000m\000a\000t\000e\000r\000i\000a\000l\000\040\000f\000o\000r\000\040\000S\000e\000c\000t\000i\000o\000n\000s\000\040\0003\000.\0003\000\040\000t\000o\000\040\0003\000.\0005\000\040\000\050\000t\000h\000i\000r\000d\000\040\000c\000o\000n\000d\000e\000n\000s\000a\000t\000i\000o\000n\000\051}{subsection*.58}% 169
\BOOKMARK [2][-]{subsection*.111}{\376\377\000A\000p\000p\000e\000n\000d\000i\000x\000:\000\040\000f\000u\000r\000t\000h\000e\000r\000\040\000s\000u\000p\000p\000o\000r\000t\000i\000n\000g\000\040\000m\000a\000t\000e\000r\000i\000a\000l\000\040\000f\000o\000r\000\040\000S\000e\000c\000t\000i\000o\000n\000s\000\040\0003\000.\0003\000\040\000a\000n\000d\000\040\0003\000.\0004\000\040\000\050\000f\000o\000u\000r\000t\000h\000\040\000c\000o\000n\000d\000e\000n\000s\000a\000t\000i\000o\000n\000\051}{subsection*.58}% 170
\BOOKMARK [3][-]{subsubsection*.112}{\376\377\000S\000t\000a\000g\000e\000\040\0007\000:\000\040\000c\000o\000n\000n\000e\000c\000t\000e\000d\000\040\000c\000o\000m\000p\000o\000n\000e\000n\000t\000s\000\040\000a\000n\000d\000\040\000t\000h\000e\000\040\000g\000l\000y\000p\000h\000-\000h\000e\000i\000g\000h\000t\000\040\000s\000c\000a\000l\000e}{subsection*.111}% 171
\BOOKMARK [3][-]{subsubsection*.113}{\376\377\000S\000t\000a\000g\000e\000\040\0005\000:\000\040\000s\000k\000e\000w\000\040\000e\000s\000t\000i\000m\000a\000t\000i\000o\000n\000\040\000a\000n\000d\000\040\000r\000o\000t\000a\000t\000i\000o\000n}{subsection*.111}% 172
\BOOKMARK [2][-]{subsection*.117}{\376\377\000A\000p\000p\000e\000n\000d\000i\000x\000:\000\040\000l\000a\000b\000e\000l\000\040\000g\000e\000n\000e\000r\000a\000t\000i\000o\000n\000\040\000f\000o\000r\000\040\000t\000h\000e\000\040\000d\000a\000t\000a\000b\000a\000s\000e\000\040\000p\000a\000g\000e\000s}{subsection*.58}% 173
\BOOKMARK [2][-]{subsection*.118}{\376\377\000S\000t\000y\000l\000e\000-\000p\000r\000o\000f\000i\000l\000e\000\040\000s\000c\000h\000e\000m\000a\000\040\000a\000n\000d\000\040\000p\000e\000r\000-\000w\000r\000i\000t\000e\000r\000\040\000v\000a\000l\000u\000e\000s}{subsection*.58}% 174
\BOOKMARK [2][-]{subsection*.120}{\376\377\000C\000o\000n\000s\000t\000a\000n\000t\000s\000\040\000o\000f\000\040\000t\000h\000e\000\040\000s\000y\000n\000t\000h\000e\000s\000i\000s\000e\000r}{subsection*.58}% 175
\BOOKMARK [2][-]{subsection*.122}{\376\377\000G\000-\000c\000o\000d\000e\000\040\000g\000e\000n\000e\000r\000a\000t\000o\000r\000\040\000c\000o\000n\000f\000i\000g\000u\000r\000a\000t\000i\000o\000n}{subsection*.58}% 176
\BOOKMARK [2][-]{subsection*.124}{\376\377\000R\000o\000u\000t\000e\000s\000\040\000o\000f\000\040\000t\000h\000e\000\040\000s\000e\000r\000v\000e\000r\000\040\000a\000p\000p\000l\000i\000c\000a\000t\000i\000o\000n}{subsection*.58}% 177
\BOOKMARK [2][-]{subsection*.126}{\376\377\000S\000u\000p\000p\000l\000e\000m\000e\000n\000t\000a\000r\000y\000\040\000f\000i\000g\000u\000r\000e\000s\000\040\000a\000n\000d\000\040\000t\000a\000b\000l\000e\000\040\000f\000o\000r\000\040\000S\000e\000c\000t\000i\000o\000n\000s\000\040\0003\000.\0006\000\040\000t\000o\000\040\0003\000.\0008}{subsection*.58}% 178
\BOOKMARK [2][-]{subsection*.135}{\376\377\000H\000a\000r\000d\000w\000a\000r\000e\000\040\000i\000n\000f\000o\000r\000m\000a\000t\000i\000o\000n\000\040\000a\000n\000d\000\040\000t\000i\000m\000i\000n\000g\000\040\000m\000e\000a\000s\000u\000r\000e\000m\000e\000n\000t\000s\000\040\000s\000t\000i\000l\000l\000\040\000t\000o\000\040\000b\000e\000\040\000s\000u\000p\000p\000l\000i\000e\000d}{subsection*.58}% 179
\BOOKMARK [2][-]{subsection*.139}{\376\377\000D\000e\000s\000i\000g\000n\000\040\000a\000l\000t\000e\000r\000n\000a\000t\000i\000v\000e\000s}{subsection*.58}% 180
\BOOKMARK [2][-]{subsection*.142}{\376\377\000F\000u\000r\000t\000h\000e\000r\000\040\000f\000i\000g\000u\000r\000e\000s\000\040\000a\000n\000d\000\040\000t\000a\000b\000l\000e\000s\000\040\000f\000o\000r\000\040\000S\000e\000c\000t\000i\000o\000n\000s\000\040\0003\000.\0008\000\040\000t\000o\000\040\0003\000.\0001\0000}{subsection*.58}% 181
\BOOKMARK [2][-]{subsection*.148}{\376\377\000S\000t\000y\000l\000e\000\040\000c\000a\000l\000i\000b\000r\000a\000t\000i\000o\000n\000\040\000o\000f\000\040\000t\000h\000e\000\040\000s\000y\000n\000t\000h\000e\000s\000i\000s\000e\000r}{subsection*.58}% 182
\BOOKMARK [2][-]{subsection*.149}{\376\377\000E\000x\000t\000e\000n\000d\000e\000d\000\040\000q\000u\000a\000l\000i\000f\000i\000c\000a\000t\000i\000o\000n\000-\000t\000e\000s\000t\000\040\000p\000r\000o\000t\000o\000c\000o\000l\000s}{subsection*.58}% 183
\BOOKMARK [3][-]{subsubsection*.150}{\376\377\000M\000e\000t\000r\000i\000c\000\040\000d\000e\000f\000i\000n\000i\000t\000i\000o\000n\000s\000\040\000a\000n\000d\000\040\000d\000e\000t\000a\000i\000l\000e\000d\000\040\000s\000t\000e\000p\000s\000\040\000\050\000q\000u\000a\000l\000i\000f\000i\000c\000a\000t\000i\000o\000n\000\040\000t\000e\000s\000t\000s\000\040\0001\000\040\000a\000n\000d\000\040\0005\000\051}{subsection*.149}% 184
\BOOKMARK [3][-]{subsubsection*.152}{\376\377\000H\000u\000m\000a\000n\000\040\000l\000e\000g\000i\000b\000i\000l\000i\000t\000y\000\040\000p\000a\000n\000e\000l\000\040\000\050\000q\000u\000a\000l\000i\000f\000i\000c\000a\000t\000i\000o\000n\000\040\000t\000e\000s\000t\000\040\0001\000\051}{subsection*.149}% 185
\BOOKMARK [3][-]{subsubsection*.154}{\376\377\000S\000t\000y\000l\000e\000-\000f\000e\000a\000t\000u\000r\000e\000\040\000d\000e\000f\000i\000n\000i\000t\000i\000o\000n\000s\000\040\000\050\000q\000u\000a\000l\000i\000f\000i\000c\000a\000t\000i\000o\000n\000\040\000t\000e\000s\000t\000\040\0001\000\051}{subsection*.149}% 186
\BOOKMARK [3][-]{subsubsection*.156}{\376\377\000H\000a\000r\000d\000w\000a\000r\000e\000\040\000o\000v\000e\000r\000l\000a\000y\000\040\000m\000e\000a\000s\000u\000r\000e\000m\000e\000n\000t\000\040\000s\000h\000e\000e\000t\000\040\000\050\000q\000u\000a\000l\000i\000f\000i\000c\000a\000t\000i\000o\000n\000\040\000t\000e\000s\000t\000\040\0005\000\051}{subsection*.149}% 187
