This is pdfTeX, Version 3.141592653-2.6-1.40.28 (MiKTeX 25.12) (preloaded format=pdflatex.fmt)
 restricted \write18 enabled.
entering extended mode
(main.tex
LaTeX2e <2025-11-01>
L3 programming layer <2025-12-24>
(epr400.cls
Document Class: epr400 
(C:\Users\braun\AppData\Local\Programs\MiKTeX\tex/latex/base\article.cls
Document Class: article 2025/01/22 v1.4n Standard LaTeX document class
(C:\Users\braun\AppData\Local\Programs\MiKTeX\tex/latex/base\size12.clo))
(C:\Users\braun\AppData\Local\Programs\MiKTeX\tex/latex/import\import.sty)
(C:\Users\braun\AppData\Local\Programs\MiKTeX\tex/latex/geometry\geometry.sty
(C:\Users\braun\AppData\Local\Programs\MiKTeX\tex/latex/graphics\keyval.sty)
(C:\Users\braun\AppData\Local\Programs\MiKTeX\tex/generic/iftex\ifvtex.sty
(C:\Users\braun\AppData\Local\Programs\MiKTeX\tex/generic/iftex\iftex.sty))
(C:\Users\braun\AppData\Local\Programs\MiKTeX\tex/latex/geometry\geometry.cfg))
(C:\Users\braun\AppData\Local\Programs\MiKTeX\tex/latex/xcolor\xcolor.sty
(C:\Users\braun\AppData\Local\Programs\MiKTeX\tex/latex/graphics-cfg\color.cfg)

(C:\Users\braun\AppData\Local\Programs\MiKTeX\tex/latex/graphics-def\pdftex.def
)
(C:\Users\braun\AppData\Local\Programs\MiKTeX\tex/latex/graphics\mathcolor.ltx)
) (C:\Users\braun\AppData\Local\Programs\MiKTeX\tex/latex/colortbl\colortbl.sty
(C:\Users\braun\AppData\Local\Programs\MiKTeX\tex/latex/tools\array.sty))
(C:\Users\braun\AppData\Local\Programs\MiKTeX\tex/latex/microtype\microtype.sty
(C:\Users\braun\AppData\Local\Programs\MiKTeX\tex/latex/etoolbox\etoolbox.sty)
(C:\Users\braun\AppData\Local\Programs\MiKTeX\tex/latex/microtype\microtype-pdf
tex.def)
(C:\Users\braun\AppData\Local\Programs\MiKTeX\tex/latex/microtype\microtype.cfg
)) (C:\Users\braun\AppData\Local\Programs\MiKTeX\tex/latex/lm\lmodern.sty)
(C:\Users\braun\AppData\Local\Programs\MiKTeX\tex/latex/base\fontenc.sty
(C:\Users\braun\AppData\Local\Programs\MiKTeX\tex/latex/lm\t1lmr.fd))
(C:\Users\braun\AppData\Local\Programs\MiKTeX\tex/latex/base\textcomp.sty)
(C:\Users\braun\AppData\Local\Programs\MiKTeX\tex/latex/base\fix-cm.sty
(C:\Users\braun\AppData\Local\Programs\MiKTeX\tex/latex/base\ts1enc.def))
(C:\Users\braun\AppData\Local\Programs\MiKTeX\tex/latex/psnfss\mathptmx.sty)
(C:\Users\braun\AppData\Local\Programs\MiKTeX\tex/latex/psnfss\helvet.sty)
(C:\Users\braun\AppData\Local\Programs\MiKTeX\tex/latex/psnfss\courier.sty)
(C:\Users\braun\AppData\Local\Programs\MiKTeX\tex/latex/psnfss\pifont.sty
(C:\Users\braun\AppData\Local\Programs\MiKTeX\tex/latex/psnfss\upzd.fd)
(C:\Users\braun\AppData\Local\Programs\MiKTeX\tex/latex/psnfss\upsy.fd))
(C:\Users\braun\AppData\Local\Programs\MiKTeX\tex/latex/amsmath\amsmath.sty
For additional information on amsmath, use the `?' option.
(C:\Users\braun\AppData\Local\Programs\MiKTeX\tex/latex/amsmath\amstext.sty
(C:\Users\braun\AppData\Local\Programs\MiKTeX\tex/latex/amsmath\amsgen.sty))
(C:\Users\braun\AppData\Local\Programs\MiKTeX\tex/latex/amsmath\amsbsy.sty)
(C:\Users\braun\AppData\Local\Programs\MiKTeX\tex/latex/amsmath\amsopn.sty))
(C:\Users\braun\AppData\Local\Programs\MiKTeX\tex/latex/amsfonts\amsfonts.sty)
(C:\Users\braun\AppData\Local\Programs\MiKTeX\tex/latex/amsfonts\amssymb.sty)
(C:\Users\braun\AppData\Local\Programs\MiKTeX\tex/latex/mathtools\mathtools.sty
(C:\Users\braun\AppData\Local\Programs\MiKTeX\tex/latex/tools\calc.sty)
(C:\Users\braun\AppData\Local\Programs\MiKTeX\tex/latex/mathtools\mhsetup.sty))
 (C:\Users\braun\AppData\Local\Programs\MiKTeX\tex/latex/tools\bm.sty)
(C:\Users\braun\AppData\Local\Programs\MiKTeX\tex/latex/amsfonts\eucal.sty)
(C:\Users\braun\AppData\Local\Programs\MiKTeX\tex/latex/was\upgreek.sty)
(C:\Users\braun\AppData\Local\Programs\MiKTeX\tex/latex/wasysym\wasysym.sty)
(C:\Users\braun\AppData\Local\Programs\MiKTeX\tex/latex/base\latexsym.sty)
(C:\Users\braun\AppData\Local\Programs\MiKTeX\tex/latex/mnsymbol\MnSymbol.sty)
(C:\Users\braun\AppData\Local\Programs\MiKTeX\tex/generic/babel\babel.sty
(C:\Users\braun\AppData\Local\Programs\MiKTeX\tex/generic/babel\txtbabel.def)
*************************************
* Local config file bblopts.cfg used
*
(C:\Users\braun\AppData\Local\Programs\MiKTeX\tex/latex/arabi\bblopts.cfg)
(C:\Users\braun\AppData\Local\Programs\MiKTeX\tex/generic/babel/locale/en\babel
-british.tex)
(C:\Users\braun\AppData\Local\Programs\MiKTeX\tex/latex/babel-english\british.l
df
(C:\Users\braun\AppData\Local\Programs\MiKTeX\tex/latex/babel-english\english.l
df))) (C:\Users\braun\AppData\Local\Programs\MiKTeX\tex/latex/base\ifthen.sty)
(C:\Users\braun\AppData\Local\Programs\MiKTeX\tex/generic/iftex\ifpdf.sty)
(C:\Users\braun\AppData\Local\Programs\MiKTeX\tex/latex/tools\xspace.sty)
(C:\Users\braun\AppData\Local\Programs\MiKTeX\tex/latex/pdfpages\pdfpages.sty
(C:\Users\braun\AppData\Local\Programs\MiKTeX\tex/latex/eso-pic\eso-pic.sty)
(C:\Users\braun\AppData\Local\Programs\MiKTeX\tex/latex/graphics\graphicx.sty
(C:\Users\braun\AppData\Local\Programs\MiKTeX\tex/latex/graphics\graphics.sty
(C:\Users\braun\AppData\Local\Programs\MiKTeX\tex/latex/graphics\trig.sty)
(C:\Users\braun\AppData\Local\Programs\MiKTeX\tex/latex/graphics-cfg\graphics.c
fg)))
(C:\Users\braun\AppData\Local\Programs\MiKTeX\tex/latex/pdfpages\pppdftex.def))
 (C:\Users\braun\AppData\Local\Programs\MiKTeX\tex/latex/fancyhdr\fancyhdr.sty)
 (C:\Users\braun\AppData\Local\Programs\MiKTeX\tex/latex/float\float.sty)
(C:\Users\braun\AppData\Local\Programs\MiKTeX\tex/latex/base\alltt.sty)
(C:\Users\braun\AppData\Local\Programs\MiKTeX\tex/latex/moreverb\moreverb.sty
(C:\Users\braun\AppData\Local\Programs\MiKTeX\tex/latex/tools\verbatim.sty))
(C:\Users\braun\AppData\Local\Programs\MiKTeX\tex/latex/algorithms\algorithm.st
y)
(C:\Users\braun\AppData\Local\Programs\MiKTeX\tex/latex/algorithms\algorithmic.
sty)
(C:\Users\braun\AppData\Local\Programs\MiKTeX\tex/latex/tools\longtable.sty)
(C:\Users\braun\AppData\Local\Programs\MiKTeX\tex/latex/tools\enumerate.sty)
(C:\Users\braun\AppData\Local\Programs\MiKTeX\tex/latex/tools\theorem.sty
(C:\Users\braun\AppData\Local\Programs\MiKTeX\tex/latex/tools\thp.sty))
(C:\Users\braun\AppData\Local\Programs\MiKTeX\tex/latex/tools\multicol.sty)
(C:\Users\braun\AppData\Local\Programs\MiKTeX\tex/latex/multirow\multirow.sty)
(C:\Users\braun\AppData\Local\Programs\MiKTeX\tex/latex/seqsplit\seqsplit.sty)
(C:\Users\braun\AppData\Local\Programs\MiKTeX\tex/latex/datetime\datetime.sty
(C:\Users\braun\AppData\Local\Programs\MiKTeX\tex/latex/fmtcount\fmtcount.sty
(C:\Users\braun\AppData\Local\Programs\MiKTeX\tex/latex/xkeyval\xkeyval.sty
(C:\Users\braun\AppData\Local\Programs\MiKTeX\tex/generic/xkeyval\xkeyval.tex
(C:\Users\braun\AppData\Local\Programs\MiKTeX\tex/generic/xkeyval\xkvutils.tex)
))
(C:\Users\braun\AppData\Local\Programs\MiKTeX\tex/latex/fmtcount\fcprefix.sty
(C:\Users\braun\AppData\Local\Programs\MiKTeX\tex/latex/fmtcount\fcnumparser.st
y))
(C:\Users\braun\AppData\Local\Programs\MiKTeX\tex/latex/fmtcount\fc-english.def
)
(C:\Users\braun\AppData\Local\Programs\MiKTeX\tex/latex/fmtcount\fc-british.def
))
(C:\Users\braun\AppData\Local\Programs\MiKTeX\tex/latex/datetime\datetime-defau
lts.sty)
(C:\Users\braun\AppData\Local\Programs\MiKTeX\tex/latex/datetime\dt-british.def
))
(C:\Users\braun\AppData\Local\Programs\MiKTeX\tex/latex/bibunits\bibunits.sty)
(C:\Users\braun\AppData\Local\Programs\MiKTeX\tex/latex/pgf/frontendlayer\tikz.
sty
(C:\Users\braun\AppData\Local\Programs\MiKTeX\tex/latex/pgf/basiclayer\pgf.sty
(C:\Users\braun\AppData\Local\Programs\MiKTeX\tex/latex/pgf/utilities\pgfrcs.st
y
(C:\Users\braun\AppData\Local\Programs\MiKTeX\tex/generic/pgf/utilities\pgfutil
-common.tex)
(C:\Users\braun\AppData\Local\Programs\MiKTeX\tex/generic/pgf/utilities\pgfutil
-latex.def)
(C:\Users\braun\AppData\Local\Programs\MiKTeX\tex/generic/pgf/utilities\pgfrcs.
code.tex
(C:\Users\braun\AppData\Local\Programs\MiKTeX\tex/generic/pgf\pgf.revision.tex)
))
(C:\Users\braun\AppData\Local\Programs\MiKTeX\tex/latex/pgf/basiclayer\pgfcore.
sty
(C:\Users\braun\AppData\Local\Programs\MiKTeX\tex/latex/pgf/systemlayer\pgfsys.
sty
(C:\Users\braun\AppData\Local\Programs\MiKTeX\tex/generic/pgf/systemlayer\pgfsy
s.code.tex
(C:\Users\braun\AppData\Local\Programs\MiKTeX\tex/generic/pgf/utilities\pgfkeys
.code.tex
(C:\Users\braun\AppData\Local\Programs\MiKTeX\tex/generic/pgf/utilities\pgfkeys
libraryfiltered.code.tex))
(C:\Users\braun\AppData\Local\Programs\MiKTeX\tex/generic/pgf/systemlayer\pgf.c
fg)
(C:\Users\braun\AppData\Local\Programs\MiKTeX\tex/generic/pgf/systemlayer\pgfsy
s-pdftex.def
(C:\Users\braun\AppData\Local\Programs\MiKTeX\tex/generic/pgf/systemlayer\pgfsy
s-common-pdf.def)))
(C:\Users\braun\AppData\Local\Programs\MiKTeX\tex/generic/pgf/systemlayer\pgfsy
ssoftpath.code.tex)
(C:\Users\braun\AppData\Local\Programs\MiKTeX\tex/generic/pgf/systemlayer\pgfsy
sprotocol.code.tex))
(C:\Users\braun\AppData\Local\Programs\MiKTeX\tex/generic/pgf/basiclayer\pgfcor
e.code.tex
(C:\Users\braun\AppData\Local\Programs\MiKTeX\tex/generic/pgf/math\pgfmath.code
.tex
(C:\Users\braun\AppData\Local\Programs\MiKTeX\tex/generic/pgf/math\pgfmathutil.
code.tex)
(C:\Users\braun\AppData\Local\Programs\MiKTeX\tex/generic/pgf/math\pgfmathparse
r.code.tex)
(C:\Users\braun\AppData\Local\Programs\MiKTeX\tex/generic/pgf/math\pgfmathfunct
ions.code.tex)
(C:\Users\braun\AppData\Local\Programs\MiKTeX\tex/generic/pgf/math\pgfmathfunct
ions.basic.code.tex)
(C:\Users\braun\AppData\Local\Programs\MiKTeX\tex/generic/pgf/math\pgfmathfunct
ions.trigonometric.code.tex)
(C:\Users\braun\AppData\Local\Programs\MiKTeX\tex/generic/pgf/math\pgfmathfunct
ions.random.code.tex)
(C:\Users\braun\AppData\Local\Programs\MiKTeX\tex/generic/pgf/math\pgfmathfunct
ions.comparison.code.tex)
(C:\Users\braun\AppData\Local\Programs\MiKTeX\tex/generic/pgf/math\pgfmathfunct
ions.base.code.tex)
(C:\Users\braun\AppData\Local\Programs\MiKTeX\tex/generic/pgf/math\pgfmathfunct
ions.round.code.tex)
(C:\Users\braun\AppData\Local\Programs\MiKTeX\tex/generic/pgf/math\pgfmathfunct
ions.misc.code.tex)
(C:\Users\braun\AppData\Local\Programs\MiKTeX\tex/generic/pgf/math\pgfmathfunct
ions.integerarithmetics.code.tex)
(C:\Users\braun\AppData\Local\Programs\MiKTeX\tex/generic/pgf/math\pgfmathcalc.
code.tex)
(C:\Users\braun\AppData\Local\Programs\MiKTeX\tex/generic/pgf/math\pgfmathfloat
.code.tex))
(C:\Users\braun\AppData\Local\Programs\MiKTeX\tex/generic/pgf/math\pgfint.code.
tex)
(C:\Users\braun\AppData\Local\Programs\MiKTeX\tex/generic/pgf/basiclayer\pgfcor
epoints.code.tex)
(C:\Users\braun\AppData\Local\Programs\MiKTeX\tex/generic/pgf/basiclayer\pgfcor
epathconstruct.code.tex)
(C:\Users\braun\AppData\Local\Programs\MiKTeX\tex/generic/pgf/basiclayer\pgfcor
epathusage.code.tex)
(C:\Users\braun\AppData\Local\Programs\MiKTeX\tex/generic/pgf/basiclayer\pgfcor
escopes.code.tex)
(C:\Users\braun\AppData\Local\Programs\MiKTeX\tex/generic/pgf/basiclayer\pgfcor
egraphicstate.code.tex)
(C:\Users\braun\AppData\Local\Programs\MiKTeX\tex/generic/pgf/basiclayer\pgfcor
etransformations.code.tex)
(C:\Users\braun\AppData\Local\Programs\MiKTeX\tex/generic/pgf/basiclayer\pgfcor
equick.code.tex)
(C:\Users\braun\AppData\Local\Programs\MiKTeX\tex/generic/pgf/basiclayer\pgfcor
eobjects.code.tex)
(C:\Users\braun\AppData\Local\Programs\MiKTeX\tex/generic/pgf/basiclayer\pgfcor
epathprocessing.code.tex)
(C:\Users\braun\AppData\Local\Programs\MiKTeX\tex/generic/pgf/basiclayer\pgfcor
earrows.code.tex)
(C:\Users\braun\AppData\Local\Programs\MiKTeX\tex/generic/pgf/basiclayer\pgfcor
eshade.code.tex)
(C:\Users\braun\AppData\Local\Programs\MiKTeX\tex/generic/pgf/basiclayer\pgfcor
eimage.code.tex)
(C:\Users\braun\AppData\Local\Programs\MiKTeX\tex/generic/pgf/basiclayer\pgfcor
eexternal.code.tex)
(C:\Users\braun\AppData\Local\Programs\MiKTeX\tex/generic/pgf/basiclayer\pgfcor
elayers.code.tex)
(C:\Users\braun\AppData\Local\Programs\MiKTeX\tex/generic/pgf/basiclayer\pgfcor
etransparency.code.tex)
(C:\Users\braun\AppData\Local\Programs\MiKTeX\tex/generic/pgf/basiclayer\pgfcor
epatterns.code.tex)
(C:\Users\braun\AppData\Local\Programs\MiKTeX\tex/generic/pgf/basiclayer\pgfcor
erdf.code.tex)))
(C:\Users\braun\AppData\Local\Programs\MiKTeX\tex/generic/pgf/modules\pgfmodule
shapes.code.tex)
(C:\Users\braun\AppData\Local\Programs\MiKTeX\tex/generic/pgf/modules\pgfmodule
plot.code.tex)
(C:\Users\braun\AppData\Local\Programs\MiKTeX\tex/latex/pgf/compatibility\pgfco
mp-version-0-65.sty)
(C:\Users\braun\AppData\Local\Programs\MiKTeX\tex/latex/pgf/compatibility\pgfco
mp-version-1-18.sty))
(C:\Users\braun\AppData\Local\Programs\MiKTeX\tex/latex/pgf/utilities\pgffor.st
y
(C:\Users\braun\AppData\Local\Programs\MiKTeX\tex/latex/pgf/utilities\pgfkeys.s
ty
(C:\Users\braun\AppData\Local\Programs\MiKTeX\tex/generic/pgf/utilities\pgfkeys
.code.tex))
(C:\Users\braun\AppData\Local\Programs\MiKTeX\tex/latex/pgf/math\pgfmath.sty
(C:\Users\braun\AppData\Local\Programs\MiKTeX\tex/generic/pgf/math\pgfmath.code
.tex))
(C:\Users\braun\AppData\Local\Programs\MiKTeX\tex/generic/pgf/utilities\pgffor.
code.tex))
(C:\Users\braun\AppData\Local\Programs\MiKTeX\tex/generic/pgf/frontendlayer/tik
z\tikz.code.tex
(C:\Users\braun\AppData\Local\Programs\MiKTeX\tex/generic/pgf/libraries\pgflibr
aryplothandlers.code.tex)
(C:\Users\braun\AppData\Local\Programs\MiKTeX\tex/generic/pgf/modules\pgfmodule
matrix.code.tex)
(C:\Users\braun\AppData\Local\Programs\MiKTeX\tex/generic/pgf/frontendlayer/tik
z/libraries\tikzlibrarytopaths.code.tex)))
(C:\Users\braun\AppData\Local\Programs\MiKTeX\tex/generic/pgf/frontendlayer/tik
z/libraries\tikzlibraryshapes.code.tex
(C:\Users\braun\AppData\Local\Programs\MiKTeX\tex/generic/pgf/frontendlayer/tik
z/libraries\tikzlibraryshapes.geometric.code.tex
(C:\Users\braun\AppData\Local\Programs\MiKTeX\tex/generic/pgf/libraries/shapes\
pgflibraryshapes.geometric.code.tex))
(C:\Users\braun\AppData\Local\Programs\MiKTeX\tex/generic/pgf/frontendlayer/tik
z/libraries\tikzlibraryshapes.misc.code.tex
(C:\Users\braun\AppData\Local\Programs\MiKTeX\tex/generic/pgf/libraries/shapes\
pgflibraryshapes.misc.code.tex))
(C:\Users\braun\AppData\Local\Programs\MiKTeX\tex/generic/pgf/frontendlayer/tik
z/libraries\tikzlibraryshapes.symbols.code.tex
(C:\Users\braun\AppData\Local\Programs\MiKTeX\tex/generic/pgf/libraries/shapes\
pgflibraryshapes.symbols.code.tex))
(C:\Users\braun\AppData\Local\Programs\MiKTeX\tex/generic/pgf/frontendlayer/tik
z/libraries\tikzlibraryshapes.arrows.code.tex
(C:\Users\braun\AppData\Local\Programs\MiKTeX\tex/generic/pgf/libraries/shapes\
pgflibraryshapes.arrows.code.tex))
(C:\Users\braun\AppData\Local\Programs\MiKTeX\tex/generic/pgf/frontendlayer/tik
z/libraries\tikzlibraryshapes.callouts.code.tex
(C:\Users\braun\AppData\Local\Programs\MiKTeX\tex/generic/pgf/libraries/shapes\
pgflibraryshapes.callouts.code.tex))
(C:\Users\braun\AppData\Local\Programs\MiKTeX\tex/generic/pgf/frontendlayer/tik
z/libraries\tikzlibraryshapes.multipart.code.tex
(C:\Users\braun\AppData\Local\Programs\MiKTeX\tex/generic/pgf/libraries/shapes\
pgflibraryshapes.multipart.code.tex)))
(C:\Users\braun\AppData\Local\Programs\MiKTeX\tex/generic/pgf/frontendlayer/tik
z/libraries\tikzlibraryarrows.code.tex
(C:\Users\braun\AppData\Local\Programs\MiKTeX\tex/generic/pgf/libraries\pgflibr
aryarrows.code.tex))
(C:\Users\braun\AppData\Local\Programs\MiKTeX\tex/generic/pgf/frontendlayer/tik
z/libraries\tikzlibrarypositioning.code.tex)
(C:\Users\braun\AppData\Local\Programs\MiKTeX\tex/generic/pgf/frontendlayer/tik
z/libraries\tikzlibrarymatrix.code.tex)
(C:\Users\braun\AppData\Local\Programs\MiKTeX\tex/generic/pgf/frontendlayer/tik
z/libraries\tikzlibrarymindmap.code.tex
(C:\Users\braun\AppData\Local\Programs\MiKTeX\tex/generic/pgf/frontendlayer/tik
z/libraries\tikzlibrarytrees.code.tex)
(C:\Users\braun\AppData\Local\Programs\MiKTeX\tex/generic/pgf/frontendlayer/tik
z/libraries\tikzlibrarydecorations.code.tex
(C:\Users\braun\AppData\Local\Programs\MiKTeX\tex/generic/pgf/modules\pgfmodule
decorations.code.tex)))
(C:\Users\braun\AppData\Local\Programs\MiKTeX\tex/generic/pgf/frontendlayer/tik
z/libraries\tikzlibraryshadows.code.tex
(C:\Users\braun\AppData\Local\Programs\MiKTeX\tex/generic/pgf/frontendlayer/tik
z/libraries\tikzlibraryfadings.code.tex
(C:\Users\braun\AppData\Local\Programs\MiKTeX\tex/generic/pgf/libraries\pgflibr
aryfadings.code.tex)))
(C:\Users\braun\AppData\Local\Programs\MiKTeX\tex/generic/pgf/frontendlayer/tik
z/libraries\tikzlibraryfit.code.tex)
(C:\Users\braun\AppData\Local\Programs\MiKTeX\tex/generic/pgf/frontendlayer/tik
z/libraries\tikzlibrarycalc.code.tex)
(C:\Users\braun\AppData\Local\Programs\MiKTeX\tex/generic/pgf/frontendlayer/tik
z/libraries\tikzlibraryintersections.code.tex
(C:\Users\braun\AppData\Local\Programs\MiKTeX\tex/generic/pgf/libraries\pgflibr
aryintersections.code.tex
(C:\Users\braun\AppData\Local\Programs\MiKTeX\tex/generic/pgf/libraries\pgflibr
aryfpu.code.tex)))
(C:\Users\braun\AppData\Local\Programs\MiKTeX\tex/latex/pgfplots\pgfplots.sty
(C:\Users\braun\AppData\Local\Programs\MiKTeX\tex/generic/pgfplots\pgfplots.rev
ision.tex)
(C:\Users\braun\AppData\Local\Programs\MiKTeX\tex/generic/pgfplots\pgfplots.cod
e.tex
(C:\Users\braun\AppData\Local\Programs\MiKTeX\tex/generic/pgfplots\pgfplotscore
.code.tex
(C:\Users\braun\AppData\Local\Programs\MiKTeX\tex/generic/pgfplots/sys\pgfplots
sysgeneric.code.tex))
(C:\Users\braun\AppData\Local\Programs\MiKTeX\tex/generic/pgfplots/libs\pgfplot
slibrary.code.tex)
(C:\Users\braun\AppData\Local\Programs\MiKTeX\tex/generic/pgfplots/oldpgfcompat
ib\pgfplotsoldpgfsupp_loader.code.tex
Package pgfplots: loading complementary utilities for your pgf version...

(C:\Users\braun\AppData\Local\Programs\MiKTeX\tex/generic/pgfplots/oldpgfcompat
ib\pgfplotsoldpgfsupp_pgfutil-common-lists.tex))
(C:\Users\braun\AppData\Local\Programs\MiKTeX\tex/generic/pgfplots/util\pgfplot
sutil.code.tex
(C:\Users\braun\AppData\Local\Programs\MiKTeX\tex/generic/pgfplots/liststructur
e\pgfplotsliststructure.code.tex)
(C:\Users\braun\AppData\Local\Programs\MiKTeX\tex/generic/pgfplots/liststructur
e\pgfplotsliststructureext.code.tex)
(C:\Users\braun\AppData\Local\Programs\MiKTeX\tex/generic/pgfplots/liststructur
e\pgfplotsarray.code.tex)
(C:\Users\braun\AppData\Local\Programs\MiKTeX\tex/generic/pgfplots/liststructur
e\pgfplotsmatrix.code.tex)
(C:\Users\braun\AppData\Local\Programs\MiKTeX\tex/generic/pgfplots/numtable\pgf
plotstableshared.code.tex)
(C:\Users\braun\AppData\Local\Programs\MiKTeX\tex/generic/pgfplots/liststructur
e\pgfplotsdeque.code.tex)
(C:\Users\braun\AppData\Local\Programs\MiKTeX\tex/generic/pgfplots/util\pgfplot
sbinary.code.tex
(C:\Users\braun\AppData\Local\Programs\MiKTeX\tex/generic/pgfplots/util\pgfplot
sbinary.data.code.tex))
(C:\Users\braun\AppData\Local\Programs\MiKTeX\tex/generic/pgfplots/util\pgfplot
sutil.verb.code.tex)
(C:\Users\braun\AppData\Local\Programs\MiKTeX\tex/generic/pgfplots/libs\pgflibr
arypgfplots.surfshading.code.tex
(C:\Users\braun\AppData\Local\Programs\MiKTeX\tex/generic/pgfplots/sys\pgflibra
rypgfplots.surfshading.pgfsys-pdftex.def)))
(C:\Users\braun\AppData\Local\Programs\MiKTeX\tex/generic/pgfplots/util\pgfplot
scolormap.code.tex
(C:\Users\braun\AppData\Local\Programs\MiKTeX\tex/generic/pgfplots/util\pgfplot
scolor.code.tex))
(C:\Users\braun\AppData\Local\Programs\MiKTeX\tex/generic/pgfplots\pgfplotsstac
kedplots.code.tex)
(C:\Users\braun\AppData\Local\Programs\MiKTeX\tex/generic/pgfplots\pgfplotsplot
handlers.code.tex
(C:\Users\braun\AppData\Local\Programs\MiKTeX\tex/generic/pgfplots\pgfplotsmesh
plothandler.code.tex
(C:\Users\braun\AppData\Local\Programs\MiKTeX\tex/generic/pgfplots\pgfplotsmesh
plotimage.code.tex)))
(C:\Users\braun\AppData\Local\Programs\MiKTeX\tex/generic/pgfplots\pgfplots.sca
ling.code.tex)
(C:\Users\braun\AppData\Local\Programs\MiKTeX\tex/generic/pgfplots\pgfplotscoor
dprocessing.code.tex)
(C:\Users\braun\AppData\Local\Programs\MiKTeX\tex/generic/pgfplots\pgfplots.err
orbars.code.tex)
(C:\Users\braun\AppData\Local\Programs\MiKTeX\tex/generic/pgfplots\pgfplots.mar
kers.code.tex)
(C:\Users\braun\AppData\Local\Programs\MiKTeX\tex/generic/pgfplots\pgfplotstick
s.code.tex)
(C:\Users\braun\AppData\Local\Programs\MiKTeX\tex/generic/pgfplots\pgfplots.pat
hs.code.tex)
(C:\Users\braun\AppData\Local\Programs\MiKTeX\tex/generic/pgf/frontendlayer/tik
z/libraries\tikzlibrarydecorations.pathmorphing.code.tex
(C:\Users\braun\AppData\Local\Programs\MiKTeX\tex/generic/pgf/libraries/decorat
ions\pgflibrarydecorations.pathmorphing.code.tex))
(C:\Users\braun\AppData\Local\Programs\MiKTeX\tex/generic/pgf/frontendlayer/tik
z/libraries\tikzlibrarydecorations.pathreplacing.code.tex
(C:\Users\braun\AppData\Local\Programs\MiKTeX\tex/generic/pgf/libraries/decorat
ions\pgflibrarydecorations.pathreplacing.code.tex))
(C:\Users\braun\AppData\Local\Programs\MiKTeX\tex/generic/pgfplots/libs\tikzlib
rarypgfplots.contourlua.code.tex))
(C:\Users\braun\AppData\Local\Programs\MiKTeX\tex/generic/pgf/frontendlayer/tik
z/libraries\tikzlibraryplotmarks.code.tex
(C:\Users\braun\AppData\Local\Programs\MiKTeX\tex/generic/pgf/libraries\pgflibr
aryplotmarks.code.tex)))
(C:\Users\braun\AppData\Local\Programs\MiKTeX\tex/latex/titlesec\titlesec.sty)
(C:\Users\braun\AppData\Local\Programs\MiKTeX\tex/latex/caption\caption.sty
(C:\Users\braun\AppData\Local\Programs\MiKTeX\tex/latex/caption\caption3.sty)
(C:\Users\braun\AppData\Local\Programs\MiKTeX\tex/latex/caption\ltcaption.sty))
 (C:\Users\braun\AppData\Local\Programs\MiKTeX\tex/latex/paralist\paralist.sty)
 (C:\Users\braun\AppData\Local\Programs\MiKTeX\tex/latex/mdframed\mdframed.sty
(C:\Users\braun\AppData\Local\Programs\MiKTeX\tex/latex/kvoptions\kvoptions.sty
(C:\Users\braun\AppData\Local\Programs\MiKTeX\tex/generic/ltxcmds\ltxcmds.sty)
(C:\Users\braun\AppData\Local\Programs\MiKTeX\tex/latex/kvsetkeys\kvsetkeys.sty
))
(C:\Users\braun\AppData\Local\Programs\MiKTeX\tex/latex/l3packages/xparse\xpars
e.sty
(C:\Users\braun\AppData\Local\Programs\MiKTeX\tex/latex/l3kernel\expl3.sty
(C:\Users\braun\AppData\Local\Programs\MiKTeX\tex/latex/l3backend\l3backend-pdf
tex.def)))
(C:\Users\braun\AppData\Local\Programs\MiKTeX\tex/latex/zref\zref-abspage.sty
(C:\Users\braun\AppData\Local\Programs\MiKTeX\tex/latex/zref\zref-base.sty
(C:\Users\braun\AppData\Local\Programs\MiKTeX\tex/generic/infwarerr\infwarerr.s
ty)
(C:\Users\braun\AppData\Local\Programs\MiKTeX\tex/generic/kvdefinekeys\kvdefine
keys.sty)
(C:\Users\braun\AppData\Local\Programs\MiKTeX\tex/generic/pdftexcmds\pdftexcmds
.sty)
(C:\Users\braun\AppData\Local\Programs\MiKTeX\tex/generic/etexcmds\etexcmds.sty
) (C:\Users\braun\AppData\Local\Programs\MiKTeX\tex/latex/auxhook\auxhook.sty))
)
(C:\Users\braun\AppData\Local\Programs\MiKTeX\tex/latex/needspace\needspace.sty
)
(C:\Users\braun\AppData\Local\Programs\MiKTeX\tex/latex/mdframed\md-frame-0.mdf
))
(C:\Users\braun\AppData\Local\Programs\MiKTeX\tex/latex/titlesec\titletoc.sty)
(C:\Users\braun\AppData\Local\Programs\MiKTeX\tex/latex/appendix\appendix.sty)
(C:\Users\braun\AppData\Local\Programs\MiKTeX\tex/latex/epstopdf-pkg\epstopdf.s
ty (C:\Users\braun\AppData\Local\Programs\MiKTeX\tex/latex/grfext\grfext.sty)
(C:\Users\braun\AppData\Local\Programs\MiKTeX\tex/latex/epstopdf-pkg\epstopdf-b
ase.sty
(C:\Users\braun\AppData\Local\Programs\MiKTeX\tex/latex/00miktex\epstopdf-sys.c
fg))))
(C:\Users\braun\AppData\Local\Programs\MiKTeX\tex/latex/ncctools\nccmath.sty)
(C:\Users\braun\AppData\Local\Programs\MiKTeX\tex/latex/lipsum\lipsum.sty
(C:\Users\braun\AppData\Local\Programs\MiKTeX\tex/latex/l3packages/l3keys2e\l3k
eys2e.sty)
(C:\Users\braun\AppData\Local\Programs\MiKTeX\tex/latex/lipsum\lipsum.ltd.tex))
(C:\Users\braun\AppData\Local\Programs\MiKTeX\tex/latex/hyperref\hyperref.sty
(C:\Users\braun\AppData\Local\Programs\MiKTeX\tex/generic/pdfescape\pdfescape.s
ty) (C:\Users\braun\AppData\Local\Programs\MiKTeX\tex/latex/hycolor\hycolor.sty
) (C:\Users\braun\AppData\Local\Programs\MiKTeX\tex/latex/hyperref\nameref.sty
(C:\Users\braun\AppData\Local\Programs\MiKTeX\tex/latex/refcount\refcount.sty)
(C:\Users\braun\AppData\Local\Programs\MiKTeX\tex/generic/gettitlestring\gettit
lestring.sty))
(C:\Users\braun\AppData\Local\Programs\MiKTeX\tex/generic/stringenc\stringenc.s
ty) (C:\Users\braun\AppData\Local\Programs\MiKTeX\tex/latex/hyperref\pd1enc.def
) (C:\Users\braun\AppData\Local\Programs\MiKTeX\tex/generic/intcalc\intcalc.sty
) (C:\Users\braun\AppData\Local\Programs\MiKTeX\tex/latex/hyperref\puenc.def)
(C:\Users\braun\AppData\Local\Programs\MiKTeX\tex/latex/url\url.sty)
(C:\Users\braun\AppData\Local\Programs\MiKTeX\tex/generic/bitset\bitset.sty
(C:\Users\braun\AppData\Local\Programs\MiKTeX\tex/generic/bigintcalc\bigintcalc
.sty)))
(C:\Users\braun\AppData\Local\Programs\MiKTeX\tex/latex/hyperref\hpdftex.def
(C:\Users\braun\AppData\Local\Programs\MiKTeX\tex/latex/rerunfilecheck\rerunfil
echeck.sty
(C:\Users\braun\AppData\Local\Programs\MiKTeX\tex/generic/uniquecounter\uniquec
ounter.sty)))
(C:\Users\braun\AppData\Local\Programs\MiKTeX\tex/latex/tools\tabularx.sty)
(C:\Users\braun\AppData\Local\Programs\MiKTeX\tex/latex/booktabs\booktabs.sty)
(C:\Users\braun\AppData\Local\Programs\MiKTeX\tex/latex/listings\listings.sty
(C:\Users\braun\AppData\Local\Programs\MiKTeX\tex/latex/listings\lstpatch.sty)
(C:\Users\braun\AppData\Local\Programs\MiKTeX\tex/latex/listings\lstmisc.sty)
(C:\Users\braun\AppData\Local\Programs\MiKTeX\tex/latex/listings\listings.cfg))
==> First Aid for listings.sty no longer applied!
    Expected:
        2024/09/23 1.10c (Carsten Heinz)
    but found:
        2025/11/14 1.11b (Carsten Heinz)
    so I'm assuming it got fixed.

(C:\Users\braun\AppData\Local\Programs\MiKTeX\tex/generic/pgf/libraries\pgflibr
aryarrows.meta.code.tex)
(C:\Users\braun\AppData\Local\Programs\MiKTeX\tex/generic/pgf/frontendlayer/tik
z/libraries\tikzlibrarybackgrounds.code.tex)
(C:\Users\braun\AppData\Local\Programs\MiKTeX\tex/latex/psnfss\t1ptm.fd)
(main.aux (bu.aux))
*geometry* driver: auto-detecting
*geometry* detected driver: pdftex

(C:\Users\braun\AppData\Local\Programs\MiKTeX\tex/context/base/mkii\supp-pdf.mk
ii
[Loading MPS to PDF converter (version 2006.09.02).]
) (C:\Users\braun\AppData\Local\Programs\MiKTeX\tex/latex/microtype\mt-ptm.cfg)

(C:\Users\braun\AppData\Local\Programs\MiKTeX\tex/latex/pdflscape\pdflscape.sty

(C:\Users\braun\AppData\Local\Programs\MiKTeX\tex/latex/pdflscape\pdflscape-nom
etadata.sty
(C:\Users\braun\AppData\Local\Programs\MiKTeX\tex/latex/graphics\lscape.sty)))
Package pgfplots notification 'compat/show suggested version=true': document ha
s been generated with the most recent feature set (\pgfplotsset{compat=1.18}).

(main.out) (main.out) [1{C:/Users/braun/AppData/Local/MiKTeX/fonts/map/pdftex/p
dftex.map}{C:/Users/braun/AppData/Local/Programs/MiKTeX/fonts/enc/dvips/base/8r
.enc}] (1_Preamble/1_Preamble.tex
(C:\Users\braun\AppData\Local\Programs\MiKTeX\tex/latex/psnfss\ot1ztmcm.fd)
(C:\Users\braun\AppData\Local\Programs\MiKTeX\tex/latex/psnfss\omlztmcm.fd)
(C:\Users\braun\AppData\Local\Programs\MiKTeX\tex/latex/psnfss\ot1ptm.fd)
(C:\Users\braun\AppData\Local\Programs\MiKTeX\tex/latex/microtype\mt-msa.cfg)
(C:\Users\braun\AppData\Local\Programs\MiKTeX\tex/latex/microtype\mt-msb.cfg)
(C:\Users\braun\AppData\Local\Programs\MiKTeX\tex/latex/microtype\mt-eur.cfg)
(C:\Users\braun\AppData\Local\Programs\MiKTeX\tex/latex/wasysym\uwasy.fd)

Package fancyhdr Warning: \headheight is too small (12.0pt): 
(fancyhdr)                Make it at least 14.49998pt, for example:
(fancyhdr)                \setlength{\headheight}{14.49998pt}.
(fancyhdr)                You might also make \topmargin smaller:
(fancyhdr)                \addtolength{\topmargin}{-2.49998pt}.

[1]
Underfull \hbox (badness 10000) in paragraph at lines 53--56


Underfull \hbox (badness 10000) in paragraph at lines 53--56


Underfull \hbox (badness 10000) in paragraph at lines 53--56

)

Package fancyhdr Warning: \headheight is too small (12.0pt): 
(fancyhdr)                Make it at least 14.49998pt, for example:
(fancyhdr)                \setlength{\headheight}{14.49998pt}.
(fancyhdr)                You might also make \topmargin smaller:
(fancyhdr)                \addtolength{\topmargin}{-2.49998pt}.

[2] (main.toc

Package titletoc Warning: Unknown TOC type altsection. I'll set it for you with

(titletoc)                level -1000. on input line 3.


Package fancyhdr Warning: \headheight is too small (12.0pt): 
(fancyhdr)                Make it at least 14.49998pt, for example:
(fancyhdr)                \setlength{\headheight}{14.49998pt}.
(fancyhdr)                You might also make \topmargin smaller:
(fancyhdr)                \addtolength{\topmargin}{-2.49998pt}.

[3]

Package fancyhdr Warning: \headheight is too small (12.0pt): 
(fancyhdr)                Make it at least 14.49998pt, for example:
(fancyhdr)                \setlength{\headheight}{14.49998pt}.
(fancyhdr)                You might also make \topmargin smaller:
(fancyhdr)                \addtolength{\topmargin}{-2.49998pt}.

[4]

Package titletoc Warning: Unknown TOC type qualificationtest. I'll set it for y
ou with
(titletoc)                level -1000. on input line 144.


Package titletoc Warning: Unknown TOC type qualificationsection. I'll set it fo
r you with
(titletoc)                level -1000. on input line 145.


Package fancyhdr Warning: \headheight is too small (12.0pt): 
(fancyhdr)                Make it at least 14.49998pt, for example:
(fancyhdr)                \setlength{\headheight}{14.49998pt}.
(fancyhdr)                You might also make \topmargin smaller:
(fancyhdr)                \addtolength{\topmargin}{-2.49998pt}.

[5])

Package fancyhdr Warning: \headheight is too small (12.0pt): 
(fancyhdr)                Make it at least 14.49998pt, for example:
(fancyhdr)                \setlength{\headheight}{14.49998pt}.
(fancyhdr)                You might also make \topmargin smaller:
(fancyhdr)                \addtolength{\topmargin}{-2.49998pt}.

[6] (1_Preamble/2_Abbreviations.tex)

Package fancyhdr Warning: \headheight is too small (12.0pt): 
(fancyhdr)                Make it at least 14.49998pt, for example:
(fancyhdr)                \setlength{\headheight}{14.49998pt}.
(fancyhdr)                You might also make \topmargin smaller:
(fancyhdr)                \addtolength{\topmargin}{-2.49998pt}.

[7] (2_Project_Definition/project_definition.tex

LaTeX Font Warning: Font shape `U/wasy/m/n' in size <24> not available
(Font)              size <24.88> substituted on input line 7.


LaTeX Font Warning: Font shape `U/wasy/m/n' in size <17.76013> not available
(Font)              size <17.28> substituted on input line 7.


Package hyperref Warning: bookmark level for unknown altsection defaults to 0.


Package fancyhdr Warning: \headheight is too small (12.0pt): 
(fancyhdr)                Make it at least 14.49998pt, for example:
(fancyhdr)                \setlength{\headheight}{14.49998pt}.
(fancyhdr)                You might also make \topmargin smaller:
(fancyhdr)                \addtolength{\topmargin}{-2.49998pt}.

[8]

pdfTeX warning: pdflatex.exe (file ./2_Project_Definition/project_proposal.pdf)
: PDF inclusion: found PDF version <1.6>, but at most version <1.5> allowed


pdfTeX warning: pdflatex.exe (file ./2_Project_Definition/project_proposal.pdf)
: PDF inclusion: found PDF version <1.6>, but at most version <1.5> allowed


pdfTeX warning: pdflatex.exe (file ./2_Project_Definition/project_proposal.pdf)
: PDF inclusion: found PDF version <1.6>, but at most version <1.5> allowed
[9 <./2_Project_Definition/project_proposal.pdf>]

pdfTeX warning: pdflatex.exe (file ./2_Project_Definition/project_proposal.pdf)
: PDF inclusion: found PDF version <1.6>, but at most version <1.5> allowed
[10 <./2_Project_Definition/project_proposal.pdf>]

pdfTeX warning: pdflatex.exe (file ./2_Project_Definition/project_proposal.pdf)
: PDF inclusion: found PDF version <1.6>, but at most version <1.5> allowed
[11 <./2_Project_Definition/project_proposal.pdf>]

pdfTeX warning: pdflatex.exe (file ./2_Project_Definition/project_proposal.pdf)
: PDF inclusion: found PDF version <1.6>, but at most version <1.5> allowed
[12 <./2_Project_Definition/project_proposal.pdf>]

pdfTeX warning: pdflatex.exe (file ./2_Project_Definition/project_proposal.pdf)
: PDF inclusion: found PDF version <1.6>, but at most version <1.5> allowed
[13 <./2_Project_Definition/project_proposal.pdf>]

pdfTeX warning: pdflatex.exe (file ./2_Project_Definition/project_proposal.pdf)
: PDF inclusion: found PDF version <1.6>, but at most version <1.5> allowed
[14 <./2_Project_Definition/project_proposal.pdf>]

pdfTeX warning: pdflatex.exe (file ./2_Project_Definition/project_proposal.pdf)
: PDF inclusion: found PDF version <1.6>, but at most version <1.5> allowed
[15 <./2_Project_Definition/project_proposal.pdf>]

pdfTeX warning: pdflatex.exe (file ./2_Project_Definition/project_proposal.pdf)
: PDF inclusion: found PDF version <1.6>, but at most version <1.5> allowed
[16 <./2_Project_Definition/project_proposal.pdf>])

Package fancyhdr Warning: \headheight is too small (12.0pt): 
(fancyhdr)                Make it at least 14.49998pt, for example:
(fancyhdr)                \setlength{\headheight}{14.49998pt}.
(fancyhdr)                You might also make \topmargin smaller:
(fancyhdr)                \addtolength{\topmargin}{-2.49998pt}.

[17] (3_Main_Report/1_Literature_Study.tex

LaTeX Warning: Citation `plamondon2000' on page 1 undefined on input line 12.


LaTeX Warning: Citation `plamondon2000' on page 1 undefined on input line 12.


LaTeX Warning: Citation `chen2023' on page 1 undefined on input line 14.


LaTeX Warning: Citation `marti2002' on page 1 undefined on input line 14.


Package fancyhdr Warning: \headheight is too small (12.0pt): 
(fancyhdr)                Make it at least 14.49998pt, for example:
(fancyhdr)                \setlength{\headheight}{14.49998pt}.
(fancyhdr)                You might also make \topmargin smaller:
(fancyhdr)                \addtolength{\topmargin}{-2.49998pt}.


pdfTeX warning (ext4): destination with the same identifier (name{page.1}) has 
been already used, duplicate ignored
<to be read again> 
                   \relax 
l.16 E
      arly offline systems followed the \emph{segment-then-classify} paradig...
[1{C:/Users/braun/AppData/Local/Programs/MiKTeX/fonts/enc/dvips/mnsymbol/MnSymb
olC.enc}]

LaTeX Warning: Citation `lecun1998' on page 2 undefined on input line 16.


LaTeX Warning: Citation `chen2023' on page 2 undefined on input line 16.


LaTeX Warning: Citation `ji2021' on page 2 undefined on input line 16.


LaTeX Warning: Citation `yahya2021' on page 2 undefined on input line 16.


LaTeX Warning: Citation `mamun2024' on page 2 undefined on input line 16.


LaTeX Warning: Citation `lecun1998' on page 2 undefined on input line 21.


LaTeX Warning: Citation `ioffe2015' on page 2 undefined on input line 21.


LaTeX Warning: Citation `kingma2015' on page 2 undefined on input line 21.


LaTeX Warning: Citation `hochreiter1997' on page 2 undefined on input line 23.


LaTeX Warning: Citation `graves2006' on page 2 undefined on input line 25.


Package fancyhdr Warning: \headheight is too small (12.0pt): 
(fancyhdr)                Make it at least 14.49998pt, for example:
(fancyhdr)                \setlength{\headheight}{14.49998pt}.
(fancyhdr)                You might also make \topmargin smaller:
(fancyhdr)                \addtolength{\topmargin}{-2.49998pt}.

[2]

LaTeX Warning: Citation `graves2006' on page 3 undefined on input line 30.


LaTeX Warning: Citation `viterbi1967' on page 3 undefined on input line 30.


LaTeX Warning: Citation `graves2009' on page 3 undefined on input line 32.


LaTeX Warning: Citation `shi2017' on page 3 undefined on input line 32.


LaTeX Warning: Citation `puigcerver2017' on page 3 undefined on input line 32.


LaTeX Warning: Citation `ma2023' on page 3 undefined on input line 32.


LaTeX Warning: Citation `kumar2024' on page 3 undefined on input line 32.


LaTeX Warning: Citation `hemanth2022' on page 3 undefined on input line 32.


LaTeX Warning: Citation `levenshtein1966' on page 3 undefined on input line 56.



LaTeX Warning: Citation `kizilirmak2023' on page 3 undefined on input line 56.


LaTeX Warning: Citation `graves2009' on page 3 undefined on input line 56.


LaTeX Warning: Citation `yahya2021' on page 3 undefined on input line 56.


LaTeX Warning: Citation `ji2021' on page 3 undefined on input line 56.


LaTeX Warning: Citation `chen2023' on page 3 undefined on input line 56.


Package fancyhdr Warning: \headheight is too small (12.0pt): 
(fancyhdr)                Make it at least 14.49998pt, for example:
(fancyhdr)                \setlength{\headheight}{14.49998pt}.
(fancyhdr)                You might also make \topmargin smaller:
(fancyhdr)                \addtolength{\topmargin}{-2.49998pt}.

[3{C:/Users/braun/AppData/Local/Programs/MiKTeX/fonts/enc/dvips/mnsymbol/MnSymb
olE.enc}{C:/Users/braun/AppData/Local/Programs/MiKTeX/fonts/enc/dvips/mnsymbol/
MnSymbolD.enc}{C:/Users/braun/AppData/Local/Programs/MiKTeX/fonts/enc/dvips/mns
ymbol/MnSymbolF.enc}]

LaTeX Warning: Citation `chen2023' on page 4 undefined on input line 61.


LaTeX Warning: Citation `hemanth2022' on page 4 undefined on input line 61.


LaTeX Warning: Citation `otsu1979' on page 4 undefined on input line 63.


LaTeX Warning: Citation `sauvola2000' on page 4 undefined on input line 68.


LaTeX Warning: Citation `bradley2007' on page 4 undefined on input line 68.


LaTeX Warning: Citation `crow1984' on page 4 undefined on input line 70.


LaTeX Warning: Citation `bradley2007' on page 4 undefined on input line 75.


LaTeX Warning: Citation `rosenfeld1966' on page 4 undefined on input line 77.


Package fancyhdr Warning: \headheight is too small (12.0pt): 
(fancyhdr)                Make it at least 14.49998pt, for example:
(fancyhdr)                \setlength{\headheight}{14.49998pt}.
(fancyhdr)                You might also make \topmargin smaller:
(fancyhdr)                \addtolength{\topmargin}{-2.49998pt}.

[4]

LaTeX Warning: Citation `agduk2022' on page 5 undefined on input line 82.


LaTeX Warning: Citation `bulacu2007' on page 5 undefined on input line 82.


LaTeX Warning: Citation `he2020' on page 5 undefined on input line 82.


LaTeX Warning: Citation `graves2013' on page 5 undefined on input line 89.


LaTeX Warning: Citation `kang2020' on page 5 undefined on input line 89.


Package fancyhdr Warning: \headheight is too small (12.0pt): 
(fancyhdr)                Make it at least 14.49998pt, for example:
(fancyhdr)                \setlength{\headheight}{14.49998pt}.
(fancyhdr)                You might also make \topmargin smaller:
(fancyhdr)                \addtolength{\topmargin}{-2.49998pt}.

[5]

LaTeX Warning: Citation `haines2016' on page 6 undefined on input line 91.


LaTeX Warning: Citation `zhang1984' on page 6 undefined on input line 93.


LaTeX Warning: Citation `douglas1973' on page 6 undefined on input line 93.


LaTeX Warning: Citation `teikari2016' on page 6 undefined on input line 98.


LaTeX Warning: Citation `teikari2016' on page 6 undefined on input line 98.


LaTeX Warning: Citation `iqs2024' on page 6 undefined on input line 98.


LaTeX Warning: Citation `acarnley2002' on page 6 undefined on input line 100.


LaTeX Warning: Citation `bresenham1965' on page 6 undefined on input line 100.


LaTeX Warning: Citation `acarnley2002' on page 6 undefined on input line 100.


Package fancyhdr Warning: \headheight is too small (12.0pt): 
(fancyhdr)                Make it at least 14.49998pt, for example:
(fancyhdr)                \setlength{\headheight}{14.49998pt}.
(fancyhdr)                You might also make \topmargin smaller:
(fancyhdr)                \addtolength{\topmargin}{-2.49998pt}.

[6]

LaTeX Warning: Citation `teikari2016' on page 7 undefined on input line 102.


LaTeX Warning: Citation `huang2024' on page 7 undefined on input line 102.


LaTeX Warning: Citation `babushkin2025' on page 7 undefined on input line 102.


LaTeX Warning: Citation `sze2017' on page 7 undefined on input line 107.


LaTeX Warning: Citation `chen2023' on page 7 undefined on input line 107.


Underfull \hbox (badness 10000) in paragraph at lines 137--137
[]|\T1/ptm/m/n/10 (+20) Writer iden-ti-fic-a-

Underfull \hbox (badness 1048) in paragraph at lines 137--137
[]|\T1/ptm/m/n/10 (+20) Embedded ex-e-cu-

LaTeX Warning: `h' float specifier changed to `ht'.


LaTeX Warning: Citation `graves2006' on page 7 undefined on input line 144.


LaTeX Warning: Citation `shi2017' on page 7 undefined on input line 144.


LaTeX Warning: Citation `puigcerver2017' on page 7 undefined on input line 144.



LaTeX Warning: Citation `kizilirmak2023' on page 7 undefined on input line 144.



Package fancyhdr Warning: \headheight is too small (12.0pt): 
(fancyhdr)                Make it at least 14.49998pt, for example:
(fancyhdr)                \setlength{\headheight}{14.49998pt}.
(fancyhdr)                You might also make \topmargin smaller:
(fancyhdr)                \addtolength{\topmargin}{-2.49998pt}.

[7]

LaTeX Warning: Citation `otsu1979' on page 8 undefined on input line 146.


LaTeX Warning: Citation `sauvola2000' on page 8 undefined on input line 146.


Package fancyhdr Warning: \headheight is too small (12.0pt): 
(fancyhdr)                Make it at least 14.49998pt, for example:
(fancyhdr)                \setlength{\headheight}{14.49998pt}.
(fancyhdr)                You might also make \topmargin smaller:
(fancyhdr)                \addtolength{\topmargin}{-2.49998pt}.

[8]

LaTeX Warning: Citation `bulacu2007' on page 9 undefined on input line 148.


LaTeX Warning: Citation `he2020' on page 9 undefined on input line 148.


LaTeX Warning: Citation `haines2016' on page 9 undefined on input line 152.


LaTeX Warning: Citation `zhang1984' on page 9 undefined on input line 152.


LaTeX Warning: Citation `douglas1973' on page 9 undefined on input line 152.


LaTeX Warning: Citation `bresenham1965' on page 9 undefined on input line 154.


Package fancyhdr Warning: \headheight is too small (12.0pt): 
(fancyhdr)                Make it at least 14.49998pt, for example:
(fancyhdr)                \setlength{\headheight}{14.49998pt}.
(fancyhdr)                You might also make \topmargin smaller:
(fancyhdr)                \addtolength{\topmargin}{-2.49998pt}.

[9]

LaTeX Warning: Citation `sze2017' on page 10 undefined on input line 158.

)

Package fancyhdr Warning: \headheight is too small (12.0pt): 
(fancyhdr)                Make it at least 14.49998pt, for example:
(fancyhdr)                \setlength{\headheight}{14.49998pt}.
(fancyhdr)                You might also make \topmargin smaller:
(fancyhdr)                \addtolength{\topmargin}{-2.49998pt}.

[10] (3_Main_Report/2_Approach.tex

LaTeX Warning: `h' float specifier changed to `ht'.


Underfull \hbox (badness 5787) in paragraph at lines 101--101
[]|\T1/ptm/m/n/9 (+20) Unit of re-

Underfull \hbox (badness 10000) in paragraph at lines 103--103
[]|\T1/ptm/m/n/9 (+20) Networks

Underfull \hbox (badness 2951) in paragraph at lines 103--103
[]|\T1/ptm/m/n/9 (+20) (a) One com-pu-ta-tion, but the

Underfull \hbox (badness 1067) in paragraph at lines 105--105
\T1/ptm/m/n/9 (+20) trained im-age gen-er-at-ors.

Underfull \hbox (badness 3525) in paragraph at lines 105--106
[]|\T1/ptm/m/n/9 (+20) (c): a from-scratch gen-er-ator

Underfull \hbox (badness 1990) in paragraph at lines 105--106
\T1/ptm/m/n/9 (+20) im-age gen-er-at-ors took tens of

Underfull \hbox (badness 3019) in paragraph at lines 107--108
[]|\T1/ptm/m/n/9 (+20) (b): with $\OML/ztmcm/m/it/9 N \U/MnSymbolD/m/n/9 ^^@ \O
T1/ztmcm/m/n/9 14$ \T1/ptm/m/n/9 (+20) the writer-

LaTeX Warning: Citation `graves2006' on page 11 undefined on input line 116.


Package fancyhdr Warning: \headheight is too small (12.0pt): 
(fancyhdr)                Make it at least 14.49998pt, for example:
(fancyhdr)                \setlength{\headheight}{14.49998pt}.
(fancyhdr)                You might also make \topmargin smaller:
(fancyhdr)                \addtolength{\topmargin}{-2.49998pt}.

[11]

LaTeX Warning: Citation `teikari2016' on page 12 undefined on input line 131.


Underfull \hbox (badness 10000) in paragraph at lines 133--133
[]|\T1/ptm/m/n/9 (+20) Motor con-

Underfull \hbox (badness 1062) in paragraph at lines 133--133
\T1/ptm/m/n/9 (+20) ler re-ceives moves. (b)

Underfull \hbox (badness 1142) in paragraph at lines 133--133
\T1/ptm/m/n/9 (+20) switches are read be-fore every

Underfull \hbox (badness 1755) in paragraph at lines 135--135
[]|\T1/ptm/m/n/9 (+20) Linear ac-tu-

LaTeX Warning: Citation `iqs2024' on page 12 undefined on input line 135.


Package fancyhdr Warning: \headheight is too small (12.0pt): 
(fancyhdr)                Make it at least 14.49998pt, for example:
(fancyhdr)                \setlength{\headheight}{14.49998pt}.
(fancyhdr)                You might also make \topmargin smaller:
(fancyhdr)                \addtolength{\topmargin}{-2.49998pt}.

[12]

LaTeX Warning: `h' float specifier changed to `ht'.


Package fancyhdr Warning: \headheight is too small (12.0pt): 
(fancyhdr)                Make it at least 14.49998pt, for example:
(fancyhdr)                \setlength{\headheight}{14.49998pt}.
(fancyhdr)                You might also make \topmargin smaller:
(fancyhdr)                \addtolength{\topmargin}{-2.49998pt}.

[13])

Package fancyhdr Warning: \headheight is too small (12.0pt): 
(fancyhdr)                Make it at least 14.49998pt, for example:
(fancyhdr)                \setlength{\headheight}{14.49998pt}.
(fancyhdr)                You might also make \topmargin smaller:
(fancyhdr)                \addtolength{\topmargin}{-2.49998pt}.

[14]

Package fancyhdr Warning: \headheight is too small (12.0pt): 
(fancyhdr)                Make it at least 14.49998pt, for example:
(fancyhdr)                \setlength{\headheight}{14.49998pt}.
(fancyhdr)                You might also make \topmargin smaller:
(fancyhdr)                \addtolength{\topmargin}{-2.49998pt}.

[15] (3_Main_Report/3_Design_and_Implementation.tex
(3_Main_Report/design/3_1_summary.tex
Underfull \hbox (badness 4341) in paragraph at lines 48--49
\T1/ptm/m/n/9.5 (+20) com-puter: \T1/ptm/b/n/9.5 (+20) [TO BE COM-

LaTeX Warning: Citation `kizilirmak2023' on page 16 undefined on input line 55.



LaTeX Warning: Reference `sec:results' on page 16 undefined on input line 56.


Underfull \hbox (badness 1675) in paragraph at lines 68--69
\T1/ptm/m/n/9.5 (+20) de-scrip-tion \T1/ptm/b/n/9.5 (+20) to be com-pleted\T1/p
tm/m/n/9.5 (+20) .

LaTeX Font Warning: Font shape `U/wasy/m/n' in size <9.5> not available
(Font)              size <9> substituted on input line 75.


Underfull \hbox (badness 10000) in paragraph at lines 78--78
[]|\T1/ptm/m/n/9.5 (+20) Stepper-motor con-trol

Underfull \hbox (badness 10000) in paragraph at lines 86--86
[]|\T1/ptm/m/n/9.5 (+20) Optimisation of pen

LaTeX Warning: Reference `sec:results' on page 16 undefined on input line 95.


LaTeX Warning: Reference `sec:results' on page 16 undefined on input line 96.


Underfull \hbox (badness 10000) in paragraph at lines 96--97
[]|\T1/ptm/b/n/9.5 (+20) Incomplete \T1/ptm/m/n/9.5 (+20) un-less meas-ure-
ignored error: Infinite glue shrinkage found in box being split

Package fancyhdr Warning: \headheight is too small (12.0pt): 
(fancyhdr)                Make it at least 14.49998pt, for example:
(fancyhdr)                \setlength{\headheight}{14.49998pt}.
(fancyhdr)                You might also make \topmargin smaller:
(fancyhdr)                \addtolength{\topmargin}{-2.49998pt}.

[16]
ignored error: Infinite glue shrinkage found in box being split

Package fancyhdr Warning: \headheight is too small (12.0pt): 
(fancyhdr)                Make it at least 14.49998pt, for example:
(fancyhdr)                \setlength{\headheight}{14.49998pt}.
(fancyhdr)                You might also make \topmargin smaller:
(fancyhdr)                \addtolength{\topmargin}{-2.49998pt}.

[17]) (3_Main_Report/design/3_2_blockdiagram.tex

LaTeX Warning: `h' float specifier changed to `ht'.


LaTeX Warning: `h' float specifier changed to `ht'.


Package fancyhdr Warning: \headheight is too small (12.0pt): 
(fancyhdr)                Make it at least 14.49998pt, for example:
(fancyhdr)                \setlength{\headheight}{14.49998pt}.
(fancyhdr)                You might also make \topmargin smaller:
(fancyhdr)                \addtolength{\topmargin}{-2.49998pt}.

[18]

Package fancyhdr Warning: \headheight is too small (12.0pt): 
(fancyhdr)                Make it at least 14.49998pt, for example:
(fancyhdr)                \setlength{\headheight}{14.49998pt}.
(fancyhdr)                You might also make \topmargin smaller:
(fancyhdr)                \addtolength{\topmargin}{-2.49998pt}.

[19]) (3_Main_Report/design/3_3_segmentation.tex

Package fancyhdr Warning: \headheight is too small (12.0pt): 
(fancyhdr)                Make it at least 14.49998pt, for example:
(fancyhdr)                \setlength{\headheight}{14.49998pt}.
(fancyhdr)                You might also make \topmargin smaller:
(fancyhdr)                \addtolength{\topmargin}{-2.49998pt}.

[20] (C:\Users\braun\AppData\Local\Programs\MiKTeX\tex/latex/psnfss\t1pcr.fd)

Package fancyhdr Warning: \headheight is too small (12.0pt): 
(fancyhdr)                Make it at least 14.49998pt, for example:
(fancyhdr)                \setlength{\headheight}{14.49998pt}.
(fancyhdr)                You might also make \topmargin smaller:
(fancyhdr)                \addtolength{\topmargin}{-2.49998pt}.

[21]

LaTeX Warning: Citation `crow1984' on page 22 undefined on input line 67.


Package fancyhdr Warning: \headheight is too small (12.0pt): 
(fancyhdr)                Make it at least 14.49998pt, for example:
(fancyhdr)                \setlength{\headheight}{14.49998pt}.
(fancyhdr)                You might also make \topmargin smaller:
(fancyhdr)                \addtolength{\topmargin}{-2.49998pt}.

[22]

LaTeX Warning: Citation `otsu1979' on page 23 undefined on input line 119.


Package fancyhdr Warning: \headheight is too small (12.0pt): 
(fancyhdr)                Make it at least 14.49998pt, for example:
(fancyhdr)                \setlength{\headheight}{14.49998pt}.
(fancyhdr)                You might also make \topmargin smaller:
(fancyhdr)                \addtolength{\topmargin}{-2.49998pt}.

[23{C:/Users/braun/AppData/Local/Programs/MiKTeX/fonts/enc/dvips/mnsymbol/MnSym
bolS.enc}]

LaTeX Warning: Citation `sauvola2000' on page 24 undefined on input line 148.


LaTeX Warning: Citation `rosenfeld1966' on page 24 undefined on input line 167.



LaTeX Warning: Citation `tarjan1975' on page 24 undefined on input line 176.


Package fancyhdr Warning: \headheight is too small (12.0pt): 
(fancyhdr)                Make it at least 14.49998pt, for example:
(fancyhdr)                \setlength{\headheight}{14.49998pt}.
(fancyhdr)                You might also make \topmargin smaller:
(fancyhdr)                \addtolength{\topmargin}{-2.49998pt}.

[24]

Package fancyhdr Warning: \headheight is too small (12.0pt): 
(fancyhdr)                Make it at least 14.49998pt, for example:
(fancyhdr)                \setlength{\headheight}{14.49998pt}.
(fancyhdr)                You might also make \topmargin smaller:
(fancyhdr)                \addtolength{\topmargin}{-2.49998pt}.

[25]

LaTeX Warning: `h' float specifier changed to `ht'.


Package fancyhdr Warning: \headheight is too small (12.0pt): 
(fancyhdr)                Make it at least 14.49998pt, for example:
(fancyhdr)                \setlength{\headheight}{14.49998pt}.
(fancyhdr)                You might also make \topmargin smaller:
(fancyhdr)                \addtolength{\topmargin}{-2.49998pt}.

[26]

Package fancyhdr Warning: \headheight is too small (12.0pt): 
(fancyhdr)                Make it at least 14.49998pt, for example:
(fancyhdr)                \setlength{\headheight}{14.49998pt}.
(fancyhdr)                You might also make \topmargin smaller:
(fancyhdr)                \addtolength{\topmargin}{-2.49998pt}.

[27]

Package caption Warning: \setcaptiontype
(caption)                outside box or environment on input line 303.
See the caption package documentation for explanation.


Package caption Warning: The option `hypcap=true' will be ignored for this
(caption)                particular \caption on input line 303.
See the caption package documentation for explanation.


LaTeX Warning: Reference `sec:results' on page 28 undefined on input line 317.


LaTeX Warning: Reference `sec:results' on page 28 undefined on input line 322.

)

Package fancyhdr Warning: \headheight is too small (12.0pt): 
(fancyhdr)                Make it at least 14.49998pt, for example:
(fancyhdr)                \setlength{\headheight}{14.49998pt}.
(fancyhdr)                You might also make \topmargin smaller:
(fancyhdr)                \addtolength{\topmargin}{-2.49998pt}.

[28] (3_Main_Report/design/3_4_textrec.tex

LaTeX Warning: Citation `graves2006' on page 29 undefined on input line 16.


LaTeX Warning: Citation `shi2017' on page 29 undefined on input line 16.


LaTeX Warning: Citation `kizilirmak2023' on page 29 undefined on input line 18.



Package fancyhdr Warning: \headheight is too small (12.0pt): 
(fancyhdr)                Make it at least 14.49998pt, for example:
(fancyhdr)                \setlength{\headheight}{14.49998pt}.
(fancyhdr)                You might also make \topmargin smaller:
(fancyhdr)                \addtolength{\topmargin}{-2.49998pt}.

[29]

LaTeX Warning: Citation `ioffe2015' on page 30 undefined on input line 84.


Package fancyhdr Warning: \headheight is too small (12.0pt): 
(fancyhdr)                Make it at least 14.49998pt, for example:
(fancyhdr)                \setlength{\headheight}{14.49998pt}.
(fancyhdr)                You might also make \topmargin smaller:
(fancyhdr)                \addtolength{\topmargin}{-2.49998pt}.

[30{C:/Users/braun/AppData/Local/Programs/MiKTeX/fonts/enc/dvips/mnsymbol/MnSym
bolA.enc}]

LaTeX Warning: Citation `hochreiter1997' on page 31 undefined on input line 121
.


Package fancyhdr Warning: \headheight is too small (12.0pt): 
(fancyhdr)                Make it at least 14.49998pt, for example:
(fancyhdr)                \setlength{\headheight}{14.49998pt}.
(fancyhdr)                You might also make \topmargin smaller:
(fancyhdr)                \addtolength{\topmargin}{-2.49998pt}.

[31]

Package fancyhdr Warning: \headheight is too small (12.0pt): 
(fancyhdr)                Make it at least 14.49998pt, for example:
(fancyhdr)                \setlength{\headheight}{14.49998pt}.
(fancyhdr)                You might also make \topmargin smaller:
(fancyhdr)                \addtolength{\topmargin}{-2.49998pt}.

[32]

Package fancyhdr Warning: \headheight is too small (12.0pt): 
(fancyhdr)                Make it at least 14.49998pt, for example:
(fancyhdr)                \setlength{\headheight}{14.49998pt}.
(fancyhdr)                You might also make \topmargin smaller:
(fancyhdr)                \addtolength{\topmargin}{-2.49998pt}.

[33]

LaTeX Warning: Citation `simard2003' on page 34 undefined on input line 247.


Package fancyhdr Warning: \headheight is too small (12.0pt): 
(fancyhdr)                Make it at least 14.49998pt, for example:
(fancyhdr)                \setlength{\headheight}{14.49998pt}.
(fancyhdr)                You might also make \topmargin smaller:
(fancyhdr)                \addtolength{\topmargin}{-2.49998pt}.

[34]

Package fancyhdr Warning: \headheight is too small (12.0pt): 
(fancyhdr)                Make it at least 14.49998pt, for example:
(fancyhdr)                \setlength{\headheight}{14.49998pt}.
(fancyhdr)                You might also make \topmargin smaller:
(fancyhdr)                \addtolength{\topmargin}{-2.49998pt}.

[35]

LaTeX Warning: Citation `levenshtein1966' on page 36 undefined on input line 30
5.


LaTeX Warning: Reference `sec:results' on page 36 undefined on input line 317.


Underfull \hbox (badness 2951) in paragraph at lines 322--324
\T1/ptm/m/n/12 (+20) which is an in-order re-call and not $\OT1/ztmcm/m/n/12 1 
\U/MnSymbolC/m/n/12 ^^P []$\T1/ptm/m/n/12 (+20) ; a stand-ard word er-ror rate 
$[] \U/MnSymbolD/m/n/12 ^^@

LaTeX Warning: Reference `sec:results' on page 36 undefined on input line 328.


Underfull \hbox (badness 10000) in paragraph at lines 349--349
[]|\T1/ptm/m/n/9.5 (+20) 94.03% char-ac-ter

Underfull \hbox (badness 10000) in paragraph at lines 349--349
\T1/ptm/m/n/9.5 (+20) ac-cur-acy; WER

Underfull \hbox (badness 10000) in paragraph at lines 349--349
[]|\T1/ptm/m/n/9.5 (+20) 91.82% char-ac-ter

Underfull \hbox (badness 10000) in paragraph at lines 349--349
\T1/ptm/m/n/9.5 (+20) ac-cur-acy; WER

Underfull \hbox (badness 1990) in paragraph at lines 349--349
\T1/ptm/m/n/9.5 (+20) 26.7%; 15.9% of

Underfull \hbox (badness 1715) in paragraph at lines 349--349
[]|\T1/ptm/m/n/9.5 (+20) Personal val-id-a-tion ($\U/MnSymbolD/m/n/9.5 ^^D \OT1
/ztmcm/m/n/9.5 52$

Underfull \hbox (badness 10000) in paragraph at lines 349--349
[]|\T1/ptm/m/n/9.5 (+20) 89.4% char-ac-ter,

Underfull \hbox (badness 10000) in paragraph at lines 349--349
[]|\T1/ptm/m/n/9.5 (+20) 61.21% (CER

Underfull \hbox (badness 2334) in paragraph at lines 349--349
\T1/ptm/m/n/9.5 (+20) 38.79%, 3617 of

Underfull \hbox (badness 1466) in paragraph at lines 349--349
[]|\T1/ptm/m/n/9.5 (+20) Six unique pages (four are lis-ted twice); in-cludes l
ine-

Underfull \hbox (badness 1803) in paragraph at lines 349--349
\T1/ptm/m/n/9.5 (+20) segmentation and label-alignment er-rors, so it is not a

LaTeX Warning: `h' float specifier changed to `ht'.


Package fancyhdr Warning: \headheight is too small (12.0pt): 
(fancyhdr)                Make it at least 14.49998pt, for example:
(fancyhdr)                \setlength{\headheight}{14.49998pt}.
(fancyhdr)                You might also make \topmargin smaller:
(fancyhdr)                \addtolength{\topmargin}{-2.49998pt}.

[36]) (3_Main_Report/design/3_5_writerid.tex

Package fancyhdr Warning: \headheight is too small (12.0pt): 
(fancyhdr)                Make it at least 14.49998pt, for example:
(fancyhdr)                \setlength{\headheight}{14.49998pt}.
(fancyhdr)                You might also make \topmargin smaller:
(fancyhdr)                \addtolength{\topmargin}{-2.49998pt}.

[37]

Package fancyhdr Warning: \headheight is too small (12.0pt): 
(fancyhdr)                Make it at least 14.49998pt, for example:
(fancyhdr)                \setlength{\headheight}{14.49998pt}.
(fancyhdr)                You might also make \topmargin smaller:
(fancyhdr)                \addtolength{\topmargin}{-2.49998pt}.

[38]

LaTeX Warning: Citation `srivastava2014' on page 39 undefined on input line 56.



LaTeX Warning: `h' float specifier changed to `ht'.


Package fancyhdr Warning: \headheight is too small (12.0pt): 
(fancyhdr)                Make it at least 14.49998pt, for example:
(fancyhdr)                \setlength{\headheight}{14.49998pt}.
(fancyhdr)                You might also make \topmargin smaller:
(fancyhdr)                \addtolength{\topmargin}{-2.49998pt}.

[39]

LaTeX Warning: Citation `zhang1984' on page 40 undefined on input line 142.


Package fancyhdr Warning: \headheight is too small (12.0pt): 
(fancyhdr)                Make it at least 14.49998pt, for example:
(fancyhdr)                \setlength{\headheight}{14.49998pt}.
(fancyhdr)                You might also make \topmargin smaller:
(fancyhdr)                \addtolength{\topmargin}{-2.49998pt}.

[40]

LaTeX Warning: Citation `kingma2015' on page 41 undefined on input line 182.


LaTeX Warning: Citation `loshchilov2019' on page 41 undefined on input line 182
.


Package fancyhdr Warning: \headheight is too small (12.0pt): 
(fancyhdr)                Make it at least 14.49998pt, for example:
(fancyhdr)                \setlength{\headheight}{14.49998pt}.
(fancyhdr)                You might also make \topmargin smaller:
(fancyhdr)                \addtolength{\topmargin}{-2.49998pt}.

[41]

LaTeX Warning: Reference `sec:results' on page 42 undefined on input line 210.


Underfull \hbox (badness 10000) in paragraph at lines 231--231
[]|\T1/ptm/m/n/9.5 (+20) 96.7% (119 of

LaTeX Warning: Reference `sec:results' on page 42 undefined on input line 231.


Package fancyhdr Warning: \headheight is too small (12.0pt): 
(fancyhdr)                Make it at least 14.49998pt, for example:
(fancyhdr)                \setlength{\headheight}{14.49998pt}.
(fancyhdr)                You might also make \topmargin smaller:
(fancyhdr)                \addtolength{\topmargin}{-2.49998pt}.

[42]

LaTeX Warning: Citation `bulacu2007' on page 43 undefined on input line 244.


LaTeX Warning: Citation `he2020' on page 43 undefined on input line 244.

) (3_Main_Report/design/3_6_styleprofile.tex

Package fancyhdr Warning: \headheight is too small (12.0pt): 
(fancyhdr)                Make it at least 14.49998pt, for example:
(fancyhdr)                \setlength{\headheight}{14.49998pt}.
(fancyhdr)                You might also make \topmargin smaller:
(fancyhdr)                \addtolength{\topmargin}{-2.49998pt}.

[43]

LaTeX Warning: Citation `viterbi1967' on page 44 undefined on input line 59.


LaTeX Warning: `h' float specifier changed to `ht'.


Package fancyhdr Warning: \headheight is too small (12.0pt): 
(fancyhdr)                Make it at least 14.49998pt, for example:
(fancyhdr)                \setlength{\headheight}{14.49998pt}.
(fancyhdr)                You might also make \topmargin smaller:
(fancyhdr)                \addtolength{\topmargin}{-2.49998pt}.

[44]
Overfull \hbox (26.51117pt too wide) detected at line 118
[][][][]\OMX/MnSymbolE/m/n/12 à\OML/ztmcm/m/it/12 x\OMX/MnSymbolE/m/n/12 ç \U/M
nSymbolD/m/n/12 ^^@ []\OMX/MnSymbolE/m/n/12 à\OML/ztmcm/m/it/12 x\OMX/MnSymbolE
/m/n/12 ç \U/MnSymbolC/m/n/12 ^^T \OT1/ztmcm/m/n/12 1\OML/ztmcm/m/it/12 :\OT1/z
tmcm/m/n/12 15 []\OMX/MnSymbolE/m/n/12 à\OML/ztmcm/m/it/12 x\OMX/MnSymbolE/m/n/
12 ç\OML/ztmcm/m/it/12 ;  x[] \U/MnSymbolD/m/n/12 ^^@ [] [][][]\OMX/MnSymbolE/m
/n/12 à\OML/ztmcm/m/it/12 x\OMX/MnSymbolE/m/n/12 ç \U/MnSymbolC/m/n/12 ^^T \OT1
/ztmcm/m/n/12 0\OML/ztmcm/m/it/12 :\OT1/ztmcm/m/n/12 6 [][]\OML/ztmcm/m/it/12 ;
  r \U/MnSymbolD/m/n/12 ^^@ [][]\OT1/ztmcm/m/n/12 3\OML/ztmcm/m/it/12 ; []\OMX/
MnSymbolE/m/n/12 à\OT1/ztmcm/m/n/12 0\OML/ztmcm/m/it/12 :\OT1/ztmcm/m/n/12 5\OM
L/ztmcm/m/it/12 x[]\OMX/MnSymbolE/m/n/12 ç[]\OML/ztmcm/m/it/12 ;

Package fancyhdr Warning: \headheight is too small (12.0pt): 
(fancyhdr)                Make it at least 14.49998pt, for example:
(fancyhdr)                \setlength{\headheight}{14.49998pt}.
(fancyhdr)                You might also make \topmargin smaller:
(fancyhdr)                \addtolength{\topmargin}{-2.49998pt}.

[45]

LaTeX Warning: Citation `zhang1984' on page 46 undefined on input line 140.


LaTeX Warning: Citation `douglas1973' on page 46 undefined on input line 153.


Package fancyhdr Warning: \headheight is too small (12.0pt): 
(fancyhdr)                Make it at least 14.49998pt, for example:
(fancyhdr)                \setlength{\headheight}{14.49998pt}.
(fancyhdr)                You might also make \topmargin smaller:
(fancyhdr)                \addtolength{\topmargin}{-2.49998pt}.

[46]

Package fancyhdr Warning: \headheight is too small (12.0pt): 
(fancyhdr)                Make it at least 14.49998pt, for example:
(fancyhdr)                \setlength{\headheight}{14.49998pt}.
(fancyhdr)                You might also make \topmargin smaller:
(fancyhdr)                \addtolength{\topmargin}{-2.49998pt}.

[47]
Underfull \hbox (badness 1178) in paragraph at lines 222--223
[]\T1/ptm/m/it/12 (+20) Typicality. \T1/ptm/m/n/12 (+20) The sur-viv-ors are so
r-ted by $[]\OMX/MnSymbolE/m/n/12 à\OML/ztmcm/m/it/12 g\OMX/MnSymbolE/m/n/12 ç 
\U/MnSymbolD/m/n/12 ^^@ \OMX/MnSymbolE/m/n/12 S\OML/ztmcm/m/it/12 w[] \U/MnSymb
olC/m/n/12 ^^P \OML/ztmcm/m/it/12 w[]\OMX/MnSymbolE/m/n/12 S~ []à\OT1/ztmcm/m/n
/12 0\OML/ztmcm/m/it/12 :\OT1/ztmcm/m/n/12 2\OML/ztmcm/m/it/12 ; w[]\OMX/MnSymb
olE/m/n/12 ç \U/MnSymbolC/m/n/12 ^^T \OMX/MnSymbolE/m/n/12 S\OML/ztmcm/m/it/12 
h[] \U/MnSymbolC/m/n/12 ^^P

LaTeX Warning: File `Figures/w3_glyphs153_ae.png' not found on input line 231.


! Package pdftex.def Error: File `Figures/w3_glyphs153_ae.png' not found: using
 draft setting.

See the pdftex.def package documentation for explanation.
Type  H <return>  for immediate help.
 ...                                              
                                                  
l.231 ...=\linewidth]{Figures/w3_glyphs153_ae.png}
                                                  

LaTeX Warning: `h' float specifier changed to `ht'.


Package fancyhdr Warning: \headheight is too small (12.0pt): 
(fancyhdr)                Make it at least 14.49998pt, for example:
(fancyhdr)                \setlength{\headheight}{14.49998pt}.
(fancyhdr)                You might also make \topmargin smaller:
(fancyhdr)                \addtolength{\topmargin}{-2.49998pt}.

[48]
Underfull \hbox (badness 10000) in paragraph at lines 276--276
[]|\T1/ptm/m/n/9.5 (+20) Whole-line thin-ning,

Underfull \hbox (badness 1052) in paragraph at lines 276--276
\T1/ptm/m/n/9.5 (+20) snap-ping to thin, low columns re-duces

Underfull \hbox (badness 1052) in paragraph at lines 276--276
[]|\T1/ptm/m/n/9.5 (+20) Importing the me-dian shape into every

LaTeX Warning: `h' float specifier changed to `ht'.

) (3_Main_Report/design/3_7_synthesis.tex

Package fancyhdr Warning: \headheight is too small (12.0pt): 
(fancyhdr)                Make it at least 14.49998pt, for example:
(fancyhdr)                \setlength{\headheight}{14.49998pt}.
(fancyhdr)                You might also make \topmargin smaller:
(fancyhdr)                \addtolength{\topmargin}{-2.49998pt}.

[49]

LaTeX Warning: Reference `sec:results' on page 50 undefined on input line 48.


Package fancyhdr Warning: \headheight is too small (12.0pt): 
(fancyhdr)                Make it at least 14.49998pt, for example:
(fancyhdr)                \setlength{\headheight}{14.49998pt}.
(fancyhdr)                You might also make \topmargin smaller:
(fancyhdr)                \addtolength{\topmargin}{-2.49998pt}.

[50]

LaTeX Warning: `h' float specifier changed to `ht'.


Overfull \hbox (60.9541pt too wide) detected at line 106
[][][][]\OMX/MnSymbolE/m/n/12 à\OML/ztmcm/m/it/12 p[]; m; p[]\OMX/MnSymbolE/m/n
/12 ç\OML/ztmcm/m/it/12 ;  m \U/MnSymbolD/m/n/12 ^^@ [][]\OML/ztmcm/m/it/12 ;  
[]\OMX/MnSymbolE/m/n/12 à\OML/ztmcm/m/it/12 p[]; p[]\OMX/MnSymbolE/m/n/12 ç \U/
MnSymbolC/m/n/12 ^^P [][]\OML/ztmcm/m/it/12 ;  [] \U/MnSymbolD/m/n/12 ^^@ [][]\
OT1/ztmcm/m/n/12 0\OML/ztmcm/m/it/12 :\OT1/ztmcm/m/n/12 11 \OML/ztmcm/m/it/12 x
[]; \OT1/ztmcm/m/n/12 0\OML/ztmcm/m/it/12 :\OT1/ztmcm/m/n/12 16 \OMX/MnSymbolE/
m/n/12 S\OT1/ztmcm/m/n/12 ^^A\OML/ztmcm/m/it/12 x\OMX/MnSymbolE/m/n/12 S[] \U/M
nSymbolC/m/n/12 ^^T \OMS/MnSymbolS/m/n/12 N[]\OT1/ztmcm/m/n/12 0\OML/ztmcm/m/it
/12 ; \OMX/MnSymbolE/m/n/12 à\OT1/ztmcm/m/n/12 0\OML/ztmcm/m/it/12 :\OT1/ztmcm/
m/n/12 015 \OML/ztmcm/m/it/12 x[]\OMX/MnSymbolE/m/n/12 ç[][]\OML/ztmcm/m/it/12 
;

Package fancyhdr Warning: \headheight is too small (12.0pt): 
(fancyhdr)                Make it at least 14.49998pt, for example:
(fancyhdr)                \setlength{\headheight}{14.49998pt}.
(fancyhdr)                You might also make \topmargin smaller:
(fancyhdr)                \addtolength{\topmargin}{-2.49998pt}.

[51]

Package hyperref Warning: Token not allowed in a PDF string (Unicode):
(hyperref)                removing `math shift' on input line 133.


Package hyperref Warning: Token not allowed in a PDF string (Unicode):
(hyperref)                removing `math shift' on input line 133.


LaTeX Warning: `h' float specifier changed to `ht'.


Package fancyhdr Warning: \headheight is too small (12.0pt): 
(fancyhdr)                Make it at least 14.49998pt, for example:
(fancyhdr)                \setlength{\headheight}{14.49998pt}.
(fancyhdr)                You might also make \topmargin smaller:
(fancyhdr)                \addtolength{\topmargin}{-2.49998pt}.

[52]

LaTeX Warning: Reference `sec:results' on page 53 undefined on input line 248.


Package fancyhdr Warning: \headheight is too small (12.0pt): 
(fancyhdr)                Make it at least 14.49998pt, for example:
(fancyhdr)                \setlength{\headheight}{14.49998pt}.
(fancyhdr)                You might also make \topmargin smaller:
(fancyhdr)                \addtolength{\topmargin}{-2.49998pt}.

[53]

LaTeX Warning: File `Figures/w3_synth_150.png' not found on input line 281.


! Package pdftex.def Error: File `Figures/w3_synth_150.png' not found: using dr
aft setting.

See the pdftex.def package documentation for explanation.
Type  H <return>  for immediate help.
 ...                                              
                                                  
l.281 ...dth=\linewidth]{Figures/w3_synth_150.png}
                                                  \\[2pt]

LaTeX Warning: File `Figures/w3_synth_153.png' not found on input line 282.


! Package pdftex.def Error: File `Figures/w3_synth_153.png' not found: using dr
aft setting.

See the pdftex.def package documentation for explanation.
Type  H <return>  for immediate help.
 ...                                              
                                                  
l.282 ...dth=\linewidth]{Figures/w3_synth_153.png}
                                                  

LaTeX Warning: Float too large for page by 290.50316pt on input line 285.


LaTeX Warning: `h' float specifier changed to `ht'.


LaTeX Warning: Citation `graves2013' on page 54 undefined on input line 304.


Underfull \hbox (badness 10000) in paragraph at lines 304--304
[]|\T1/ptm/m/n/9.5 (+20) Recurrent se-quence

Underfull \hbox (badness 10000) in paragraph at lines 304--304
\T1/ptm/m/n/9.5 (+20) gen-er-ator with

LaTeX Warning: Citation `kang2020' on page 54 undefined on input line 304.


LaTeX Warning: Citation `dai2024' on page 54 undefined on input line 304.


Underfull \hbox (badness 3861) in paragraph at lines 304--304
[]|\T1/ptm/m/n/9.5 (+20) Adversarial or dif-fu-

Underfull \hbox (badness 3895) in paragraph at lines 304--304
[]|\T1/ptm/m/n/9.5 (+20) Stored glyph lib-rary

LaTeX Warning: Citation `haines2016' on page 54 undefined on input line 304.


LaTeX Warning: `h' float specifier changed to `ht'.

) (3_Main_Report/design/3_8_gcode.tex

Package fancyhdr Warning: \headheight is too small (12.0pt): 
(fancyhdr)                Make it at least 14.49998pt, for example:
(fancyhdr)                \setlength{\headheight}{14.49998pt}.
(fancyhdr)                You might also make \topmargin smaller:
(fancyhdr)                \addtolength{\topmargin}{-2.49998pt}.

[54]

LaTeX Warning: `h' float specifier changed to `ht'.


Package fancyhdr Warning: \headheight is too small (12.0pt): 
(fancyhdr)                Make it at least 14.49998pt, for example:
(fancyhdr)                \setlength{\headheight}{14.49998pt}.
(fancyhdr)                You might also make \topmargin smaller:
(fancyhdr)                \addtolength{\topmargin}{-2.49998pt}.

[55]

LaTeX Warning: `h' float specifier changed to `ht'.

(C:\Users\braun\AppData\Local\Programs\MiKTeX\tex/latex/psnfss\ts1ptm.fd)

Package microtype Warning: I cannot find a spacing list for font
(microtype)                `TS1/ptm/m/n/12' (context: `nonfrench'). Switching o
ff
(microtype)                spacing for this font on input line 90.


LaTeX Warning: `h' float specifier changed to `ht'.


Package fancyhdr Warning: \headheight is too small (12.0pt): 
(fancyhdr)                Make it at least 14.49998pt, for example:
(fancyhdr)                \setlength{\headheight}{14.49998pt}.
(fancyhdr)                You might also make \topmargin smaller:
(fancyhdr)                \addtolength{\topmargin}{-2.49998pt}.

[56]) (3_Main_Report/design/3_9_gantry.tex

Package fancyhdr Warning: \headheight is too small (12.0pt): 
(fancyhdr)                Make it at least 14.49998pt, for example:
(fancyhdr)                \setlength{\headheight}{14.49998pt}.
(fancyhdr)                You might also make \topmargin smaller:
(fancyhdr)                \addtolength{\topmargin}{-2.49998pt}.

[57]

LaTeX Warning: `h' float specifier changed to `ht'.


Package fancyhdr Warning: \headheight is too small (12.0pt): 
(fancyhdr)                Make it at least 14.49998pt, for example:
(fancyhdr)                \setlength{\headheight}{14.49998pt}.
(fancyhdr)                You might also make \topmargin smaller:
(fancyhdr)                \addtolength{\topmargin}{-2.49998pt}.

[58]

LaTeX Warning: `h' float specifier changed to `ht'.


Package fancyhdr Warning: \headheight is too small (12.0pt): 
(fancyhdr)                Make it at least 14.49998pt, for example:
(fancyhdr)                \setlength{\headheight}{14.49998pt}.
(fancyhdr)                You might also make \topmargin smaller:
(fancyhdr)                \addtolength{\topmargin}{-2.49998pt}.

[59]

LaTeX Warning: Citation `bresenham1965' on page 60 undefined on input line 136.



Package fancyhdr Warning: \headheight is too small (12.0pt): 
(fancyhdr)                Make it at least 14.49998pt, for example:
(fancyhdr)                \setlength{\headheight}{14.49998pt}.
(fancyhdr)                You might also make \topmargin smaller:
(fancyhdr)                \addtolength{\topmargin}{-2.49998pt}.

[60]

LaTeX Warning: `h' float specifier changed to `ht'.


LaTeX Warning: Reference `sec:results' on page 61 undefined on input line 237.

)

Package fancyhdr Warning: \headheight is too small (12.0pt): 
(fancyhdr)                Make it at least 14.49998pt, for example:
(fancyhdr)                \setlength{\headheight}{14.49998pt}.
(fancyhdr)                You might also make \topmargin smaller:
(fancyhdr)                \addtolength{\topmargin}{-2.49998pt}.

[61] (3_Main_Report/design/3_10_system.tex

LaTeX Warning: `h' float specifier changed to `ht'.


Package fancyhdr Warning: \headheight is too small (12.0pt): 
(fancyhdr)                Make it at least 14.49998pt, for example:
(fancyhdr)                \setlength{\headheight}{14.49998pt}.
(fancyhdr)                You might also make \topmargin smaller:
(fancyhdr)                \addtolength{\topmargin}{-2.49998pt}.

[62]

Package fancyhdr Warning: \headheight is too small (12.0pt): 
(fancyhdr)                Make it at least 14.49998pt, for example:
(fancyhdr)                \setlength{\headheight}{14.49998pt}.
(fancyhdr)                You might also make \topmargin smaller:
(fancyhdr)                \addtolength{\topmargin}{-2.49998pt}.

[63]))

Package fancyhdr Warning: \headheight is too small (12.0pt): 
(fancyhdr)                Make it at least 14.49998pt, for example:
(fancyhdr)                \setlength{\headheight}{14.49998pt}.
(fancyhdr)                You might also make \topmargin smaller:
(fancyhdr)                \addtolength{\topmargin}{-2.49998pt}.

[64]

Package fancyhdr Warning: \headheight is too small (12.0pt): 
(fancyhdr)                Make it at least 14.49998pt, for example:
(fancyhdr)                \setlength{\headheight}{14.49998pt}.
(fancyhdr)                You might also make \topmargin smaller:
(fancyhdr)                \addtolength{\topmargin}{-2.49998pt}.

[65]

Package fancyhdr Warning: \headheight is too small (12.0pt): 
(fancyhdr)                Make it at least 14.49998pt, for example:
(fancyhdr)                \setlength{\headheight}{14.49998pt}.
(fancyhdr)                You might also make \topmargin smaller:
(fancyhdr)                \addtolength{\topmargin}{-2.49998pt}.

[66]

Package fancyhdr Warning: \headheight is too small (12.0pt): 
(fancyhdr)                Make it at least 14.49998pt, for example:
(fancyhdr)                \setlength{\headheight}{14.49998pt}.
(fancyhdr)                You might also make \topmargin smaller:
(fancyhdr)                \addtolength{\topmargin}{-2.49998pt}.

[67]

Package fancyhdr Warning: \headheight is too small (12.0pt): 
(fancyhdr)                Make it at least 14.49998pt, for example:
(fancyhdr)                \setlength{\headheight}{14.49998pt}.
(fancyhdr)                You might also make \topmargin smaller:
(fancyhdr)                \addtolength{\topmargin}{-2.49998pt}.

[68]

Package fancyhdr Warning: \headheight is too small (12.0pt): 
(fancyhdr)                Make it at least 14.49998pt, for example:
(fancyhdr)                \setlength{\headheight}{14.49998pt}.
(fancyhdr)                You might also make \topmargin smaller:
(fancyhdr)                \addtolength{\topmargin}{-2.49998pt}.

[69]

Package fancyhdr Warning: \headheight is too small (12.0pt): 
(fancyhdr)                Make it at least 14.49998pt, for example:
(fancyhdr)                \setlength{\headheight}{14.49998pt}.
(fancyhdr)                You might also make \topmargin smaller:
(fancyhdr)                \addtolength{\topmargin}{-2.49998pt}.

[70] (3_Main_Report/4_Results.tex
Underfull \hbox (badness 6978) in paragraph at lines 29--29
[]|\T1/ptm/m/n/10 (+20) Runners could con-sist-ently be

Underfull \hbox (badness 3343) in paragraph at lines 29--29
[]|\T1/ptm/m/n/10 (+20) Delivered power should be ad-

Underfull \hbox (badness 1953) in paragraph at lines 29--29
\T1/ptm/m/n/10 (+20) and ac-tual en-vir-on-mental con-di-

Underfull \hbox (badness 1199) in paragraph at lines 29--29
\T1/ptm/m/n/10 (+20) tions (sun-shine or rain; day or

Package hyperref Warning: bookmark level for unknown qualificationtest defaults
 to 0.


Package hyperref Warning: bookmark level for unknown qualificationsection defau
lts to 0.


Package fancyhdr Warning: \headheight is too small (12.0pt): 
(fancyhdr)                Make it at least 14.49998pt, for example:
(fancyhdr)                \setlength{\headheight}{14.49998pt}.
(fancyhdr)                You might also make \topmargin smaller:
(fancyhdr)                \addtolength{\topmargin}{-2.49998pt}.

[71])

Package fancyhdr Warning: \headheight is too small (12.0pt): 
(fancyhdr)                Make it at least 14.49998pt, for example:
(fancyhdr)                \setlength{\headheight}{14.49998pt}.
(fancyhdr)                You might also make \topmargin smaller:
(fancyhdr)                \addtolength{\topmargin}{-2.49998pt}.

[72] (3_Main_Report/5_Discussion.tex)

Package fancyhdr Warning: \headheight is too small (12.0pt): 
(fancyhdr)                Make it at least 14.49998pt, for example:
(fancyhdr)                \setlength{\headheight}{14.49998pt}.
(fancyhdr)                You might also make \topmargin smaller:
(fancyhdr)                \addtolength{\topmargin}{-2.49998pt}.

[73] (3_Main_Report/6_Conclusion.tex)

Package fancyhdr Warning: \headheight is too small (12.0pt): 
(fancyhdr)                Make it at least 14.49998pt, for example:
(fancyhdr)                \setlength{\headheight}{14.49998pt}.
(fancyhdr)                You might also make \topmargin smaller:
(fancyhdr)                \addtolength{\topmargin}{-2.49998pt}.

[74] (main.bbl

Package fancyhdr Warning: \headheight is too small (12.0pt): 
(fancyhdr)                Make it at least 14.49998pt, for example:
(fancyhdr)                \setlength{\headheight}{14.49998pt}.
(fancyhdr)                You might also make \topmargin smaller:
(fancyhdr)                \addtolength{\topmargin}{-2.49998pt}.

[75]

Package fancyhdr Warning: \headheight is too small (12.0pt): 
(fancyhdr)                Make it at least 14.49998pt, for example:
(fancyhdr)                \setlength{\headheight}{14.49998pt}.
(fancyhdr)                You might also make \topmargin smaller:
(fancyhdr)                \addtolength{\topmargin}{-2.49998pt}.

[76])

Package fancyhdr Warning: \headheight is too small (12.0pt): 
(fancyhdr)                Make it at least 14.49998pt, for example:
(fancyhdr)                \setlength{\headheight}{14.49998pt}.
(fancyhdr)                You might also make \topmargin smaller:
(fancyhdr)                \addtolength{\topmargin}{-2.49998pt}.

[77]

Package fancyhdr Warning: \headheight is too small (12.0pt): 
(fancyhdr)                Make it at least 14.49998pt, for example:
(fancyhdr)                \setlength{\headheight}{14.49998pt}.
(fancyhdr)                You might also make \topmargin smaller:
(fancyhdr)                \addtolength{\topmargin}{-2.49998pt}.

[78] (4_Appendices/Appendix.tex (4_Appendices/Appendix_w2.tex

Package hyperref Warning: Difference (2) between bookmark levels is greater 
(hyperref)                than one, level fixed on input line 3.


Package caption Warning: The option `hypcap=true' will be ignored for this
(caption)                particular \caption on input line 27.
See the caption package documentation for explanation.


Package caption Warning: The option `hypcap=true' will be ignored for this
(caption)                particular \caption on input line 31.
See the caption package documentation for explanation.


LaTeX Warning: `h' float specifier changed to `ht'.


Package caption Warning: The option `hypcap=true' will be ignored for this
(caption)                particular \caption on input line 60.
See the caption package documentation for explanation.


Package fancyhdr Warning: \headheight is too small (12.0pt): 
(fancyhdr)                Make it at least 14.49998pt, for example:
(fancyhdr)                \setlength{\headheight}{14.49998pt}.
(fancyhdr)                You might also make \topmargin smaller:
(fancyhdr)                \addtolength{\topmargin}{-2.49998pt}.

[79]
Underfull \hbox (badness 1552) in paragraph at lines 101--101
[]|\T1/ptm/m/n/9.5 (+20) A pro-jec-tion needs ho-ri-zontal lines over

LaTeX Warning: `h' float specifier changed to `ht'.


LaTeX Warning: Citation `otsu1979' on page 80 undefined on input line 110.


Package fancyhdr Warning: \headheight is too small (12.0pt): 
(fancyhdr)                Make it at least 14.49998pt, for example:
(fancyhdr)                \setlength{\headheight}{14.49998pt}.
(fancyhdr)                You might also make \topmargin smaller:
(fancyhdr)                \addtolength{\topmargin}{-2.49998pt}.

[80]

Package fancyhdr Warning: \headheight is too small (12.0pt): 
(fancyhdr)                Make it at least 14.49998pt, for example:
(fancyhdr)                \setlength{\headheight}{14.49998pt}.
(fancyhdr)                You might also make \topmargin smaller:
(fancyhdr)                \addtolength{\topmargin}{-2.49998pt}.

[81]
Underfull \hbox (badness 10000) in paragraph at lines 125--126
[]\T1/ptm/m/n/12 (+20) The mask is eroded by a square of odd side $\OML/ztmcm/m
/it/12 k \U/MnSymbolD/m/n/12 ^^@ \OT1/ztmcm/m/n/12 2\OMX/MnSymbolE/m/n/12 
\OML/ztmcm/m/it/12 e\OMX/MnSymbolE/m/n/12 ~\OT1/ztmcm/m/n/12 2\OMX/MnSymbolE/m/
n/12 ^^O \U/MnSymbolC/m/n/12 ^^T \OT1/ztmcm/m/n/12 1$ \T1/ptm/m/n/12 (+20) with
 $\OML/ztmcm/m/it/12 e \U/MnSymbolD/m/n/12 ^^@

Package fancyhdr Warning: \headheight is too small (12.0pt): 
(fancyhdr)                Make it at least 14.49998pt, for example:
(fancyhdr)                \setlength{\headheight}{14.49998pt}.
(fancyhdr)                You might also make \topmargin smaller:
(fancyhdr)                \addtolength{\topmargin}{-2.49998pt}.

[82]

Package fancyhdr Warning: \headheight is too small (12.0pt): 
(fancyhdr)                Make it at least 14.49998pt, for example:
(fancyhdr)                \setlength{\headheight}{14.49998pt}.
(fancyhdr)                You might also make \topmargin smaller:
(fancyhdr)                \addtolength{\topmargin}{-2.49998pt}.

[83]

LaTeX Warning: `h' float specifier changed to `ht'.


Underfull \hbox (badness 7759) in paragraph at lines 311--311
\T1/ptm/m/n/9.5 (+20) the stu-dent's own

Underfull \hbox (badness 10000) in paragraph at lines 311--311
[]|\T1/ptm/m/n/9.5 (+20) Public line-level

Underfull \hbox (badness 10000) in paragraph at lines 311--311
\T1/ptm/m/n/9.5 (+20) IAM tran-scrip-tion

Underfull \hbox (badness 10000) in paragraph at lines 311--311
[]|\T1/ptm/m/n/9.5 (+20) 13 pho-to-graphed

Underfull \hbox (badness 6592) in paragraph at lines 311--311
\T1/ptm/m/n/9.5 (+20) pages of the two

Underfull \hbox (badness 2126) in paragraph at lines 311--311
\T1/ptm/m/n/9.5 (+20) per-sonal writers (8

Underfull \hbox (badness 1831) in paragraph at lines 311--311
\T1/ptm/m/n/9.5 (+20) and 5 pages), 355

Underfull \hbox (badness 10000) in paragraph at lines 311--311
\T1/ptm/m/n/9.5 (+20) tran-scrip-tion lines

Underfull \hbox (badness 1881) in paragraph at lines 311--311
\T1/ptm/m/n/9.5 (+20) of which one is a

Underfull \hbox (badness 10000) in paragraph at lines 311--311
\T1/ptm/m/n/9.5 (+20) (eight data-base

LaTeX Warning: `h' float specifier changed to `ht'.


LaTeX Warning: `h' float specifier changed to `ht'.


LaTeX Warning: `h' float specifier changed to `ht'.


Underfull \hbox (badness 10000) in paragraph at lines 384--384
\T1/ptm/m/n/9.5 (+20) and a per-character

Underfull \hbox (badness 10000) in paragraph at lines 384--384
[]|\T1/ptm/m/n/9.5 (+20) Line-level CNN-

Underfull \hbox (badness 6445) in paragraph at lines 384--384
[]|\T1/ptm/m/n/9.5 (+20) Lexicon or language-

Underfull \hbox (badness 10000) in paragraph at lines 384--384
[]|\T1/ptm/m/n/9.5 (+20) Attention-based

Underfull \hbox (badness 10000) in paragraph at lines 384--384
\T1/ptm/m/n/9.5 (+20) encoder--decoder

LaTeX Warning: `h' float specifier changed to `ht'.


Package fancyhdr Warning: \headheight is too small (12.0pt): 
(fancyhdr)                Make it at least 14.49998pt, for example:
(fancyhdr)                \setlength{\headheight}{14.49998pt}.
(fancyhdr)                You might also make \topmargin smaller:
(fancyhdr)                \addtolength{\topmargin}{-2.49998pt}.

[84]

Package fancyhdr Warning: \headheight is too small (12.0pt): 
(fancyhdr)                Make it at least 14.49998pt, for example:
(fancyhdr)                \setlength{\headheight}{14.49998pt}.
(fancyhdr)                You might also make \topmargin smaller:
(fancyhdr)                \addtolength{\topmargin}{-2.49998pt}.

[85]

LaTeX Warning: `h' float specifier changed to `ht'.


LaTeX Warning: `h' float specifier changed to `ht'.


LaTeX Warning: `h' float specifier changed to `ht'.


Package caption Warning: The option `hypcap=true' will be ignored for this
(caption)                particular \caption on input line 486.
See the caption package documentation for explanation.


Package fancyhdr Warning: \headheight is too small (12.0pt): 
(fancyhdr)                Make it at least 14.49998pt, for example:
(fancyhdr)                \setlength{\headheight}{14.49998pt}.
(fancyhdr)                You might also make \topmargin smaller:
(fancyhdr)                \addtolength{\topmargin}{-2.49998pt}.

[86]
Underfull \hbox (badness 10000) in paragraph at lines 535--535
[]|\T1/ptm/m/n/9.5 (+20) Hand-crafted fea-tures

Underfull \hbox (badness 10000) in paragraph at lines 535--535
\T1/ptm/m/n/9.5 (+20) con-nec-ted-ness) with

Underfull \hbox (badness 2913) in paragraph at lines 535--535
[]|\T1/ptm/m/n/9.5 (+20) Interpretable; the style-profile builder

LaTeX Warning: Citation `bulacu2007' on page 87 undefined on input line 535.


Underfull \hbox (badness 3039) in paragraph at lines 535--535
[]|\T1/ptm/m/n/9.5 (+20) Text-independent and strong for large

LaTeX Warning: Citation `he2020' on page 87 undefined on input line 535.


LaTeX Warning: `h' float specifier changed to `ht'.


Underfull \hbox (badness 10000) in paragraph at lines 578--578
[]|\T1/ptm/b/n/9.5 (+20) Proposal

Underfull \hbox (badness 1158) in paragraph at lines 578--578
[]|\T1/ptm/m/n/9.5 (+20) USB cam-era over an A4 page, read by the

LaTeX Warning: `h' float specifier changed to `ht'.


LaTeX Warning: Citation `otsu1979' on page 87 undefined on input line 590.


LaTeX Warning: Citation `sauvola2000' on page 87 undefined on input line 591.


Package fancyhdr Warning: \headheight is too small (12.0pt): 
(fancyhdr)                Make it at least 14.49998pt, for example:
(fancyhdr)                \setlength{\headheight}{14.49998pt}.
(fancyhdr)                You might also make \topmargin smaller:
(fancyhdr)                \addtolength{\topmargin}{-2.49998pt}.

[87]

Package fancyhdr Warning: \headheight is too small (12.0pt): 
(fancyhdr)                Make it at least 14.49998pt, for example:
(fancyhdr)                \setlength{\headheight}{14.49998pt}.
(fancyhdr)                You might also make \topmargin smaller:
(fancyhdr)                \addtolength{\topmargin}{-2.49998pt}.

[88]

LaTeX Warning: Citation `simard2003' on page 89 undefined on input line 615.

) (4_Appendices/Appendix_w3.tex
Underfull \hbox (badness 10000) in paragraph at lines 30--30
[]|\T1/pcr/m/n/9.5 ascender\T1/ptm/m/n/9.5 (+20) ,

Underfull \hbox (badness 10000) in paragraph at lines 40--40
[]|\T1/pcr/m/n/9.5 slantMeasRef\T1/ptm/m/n/9.5 (+20) ,

Underfull \hbox (badness 10000) in paragraph at lines 40--40
\T1/pcr/m/n/9.5 ascMeasRef\T1/ptm/m/n/9.5 (+20) ,

Underfull \hbox (badness 10000) in paragraph at lines 40--41
[]|\T1/ptm/m/n/9.5 (+20) 30.0, 1.933,

Underfull \hbox (badness 10000) in paragraph at lines 42--42
[]|\T1/pcr/m/n/9.5 inkFracRef\T1/ptm/m/n/9.5 (+20) ,

Underfull \hbox (badness 10000) in paragraph at lines 42--42
\T1/pcr/m/n/9.5 aspectRef\T1/ptm/m/n/9.5 (+20) ,

Underfull \hbox (badness 10000) in paragraph at lines 42--42
\T1/pcr/m/n/9.5 paperLevel\T1/ptm/m/n/9.5 (+20) ,

Underfull \hbox (badness 10000) in paragraph at lines 42--42
\T1/pcr/m/n/9.5 inkLevel\T1/ptm/m/n/9.5 (+20) ,

Underfull \hbox (badness 2735) in paragraph at lines 46--46
[]|\T1/ptm/m/n/9.5 (+20) Per-stroke me-dian pro-to-type of a let-ter (21

Underfull \hbox (badness 10000) in paragraph at lines 58--58
[]|\T1/pcr/m/n/9.5 width\T1/ptm/m/n/9.5 (+20) , \T1/pcr/m/n/9.5 advance\T1/ptm/
m/n/9.5 (+20) ,

Underfull \hbox (badness 10000) in paragraph at lines 62--62
[]|\T1/pcr/m/n/9.5 entryX\T1/ptm/m/n/9.5 (+20) , \T1/pcr/m/n/9.5 entryY\T1/ptm/
m/n/9.5 (+20) ,

Underfull \hbox (badness 10000) in paragraph at lines 62--63
[]|$\U/MnSymbolC/m/n/9.5 ^^P\OT1/ztmcm/m/n/9.5 0\OML/ztmcm/m/it/9.5 :\OT1/ztmcm
/m/n/9.5 204$\T1/ptm/m/n/9.5 (+20) , 0.333,

Package fancyhdr Warning: \headheight is too small (12.0pt): 
(fancyhdr)                Make it at least 14.49998pt, for example:
(fancyhdr)                \setlength{\headheight}{14.49998pt}.
(fancyhdr)                You might also make \topmargin smaller:
(fancyhdr)                \addtolength{\topmargin}{-2.49998pt}.

[89]
ignored error: Infinite glue shrinkage found in box being split

Package fancyhdr Warning: \headheight is too small (12.0pt): 
(fancyhdr)                Make it at least 14.49998pt, for example:
(fancyhdr)                \setlength{\headheight}{14.49998pt}.
(fancyhdr)                You might also make \topmargin smaller:
(fancyhdr)                \addtolength{\topmargin}{-2.49998pt}.

[90]

LaTeX Warning: `h' float specifier changed to `ht'.


Underfull \hbox (badness 10000) in paragraph at lines 136--136
[]|\T1/ptm/m/n/9.5 (+20) 0.085 $\OML/ztmcm/m/it/9.5 x$\T1/ptm/m/n/9.5 (+20) , b
lur

LaTeX Warning: `h' float specifier changed to `ht'.


Underfull \hbox (badness 10000) in paragraph at lines 196--196
[]|\T1/ptm/m/n/9.5 (+20) 260ms and

LaTeX Warning: `h' float specifier changed to `ht'.


Overfull \hbox (21.18883pt too wide) in paragraph at lines 242--242
[]|\T1/pcr/m/n/9 /api/camera/preview/start

Overfull \hbox (26.58882pt too wide) in paragraph at lines 242--242
[]|\T1/pcr/m/n/9 /api/camera/preview/stream| 

Underfull \hbox (badness 10000) in paragraph at lines 242--242
[]|\T1/pcr/m/n/9 /api/gcode/<job> \T1/ptm/m/n/9 (+20) and

Underfull \hbox (badness 10000) in paragraph at lines 242--242
[]|\T1/pcr/m/n/9 /api/samples/<writer>

Underfull \hbox (badness 10000) in paragraph at lines 242--242
\T1/ptm/m/n/9 (+20) and

Overfull \hbox (36.84882pt too wide) in paragraph at lines 242--242
\T1/pcr/m/n/9 /api/samples/<writer>/<file>| 

LaTeX Warning: `h' float specifier changed to `ht'.

) (4_Appendices/Appendix_w4.tex))

Package fancyhdr Warning: \headheight is too small (12.0pt): 
(fancyhdr)                Make it at least 14.49998pt, for example:
(fancyhdr)                \setlength{\headheight}{14.49998pt}.
(fancyhdr)                You might also make \topmargin smaller:
(fancyhdr)                \addtolength{\topmargin}{-2.49998pt}.

[91]

Package fancyhdr Warning: \headheight is too small (12.0pt): 
(fancyhdr)                Make it at least 14.49998pt, for example:
(fancyhdr)                \setlength{\headheight}{14.49998pt}.
(fancyhdr)                You might also make \topmargin smaller:
(fancyhdr)                \addtolength{\topmargin}{-2.49998pt}.

[92]

Package fancyhdr Warning: \headheight is too small (12.0pt): 
(fancyhdr)                Make it at least 14.49998pt, for example:
(fancyhdr)                \setlength{\headheight}{14.49998pt}.
(fancyhdr)                You might also make \topmargin smaller:
(fancyhdr)                \addtolength{\topmargin}{-2.49998pt}.

[93]

Package fancyhdr Warning: \headheight is too small (12.0pt): 
(fancyhdr)                Make it at least 14.49998pt, for example:
(fancyhdr)                \setlength{\headheight}{14.49998pt}.
(fancyhdr)                You might also make \topmargin smaller:
(fancyhdr)                \addtolength{\topmargin}{-2.49998pt}.

[94] (main.aux (bu.aux))

LaTeX Font Warning: Size substitutions with differences
(Font)              up to 0.88pt have occurred.


LaTeX Warning: There were undefined references.


LaTeX Warning: Label(s) may have changed. Rerun to get cross-references right.

 )
(see the transcript file for additional information)<C:/Users/braun/AppData/Loc
al/Programs/MiKTeX/fonts/type1/public/mnsymbol/MnSymbol10.pfb><C:/Users/braun/A
ppData/Local/Programs/MiKTeX/fonts/type1/public/mnsymbol/MnSymbol12.pfb><C:/Use
rs/braun/AppData/Local/Programs/MiKTeX/fonts/type1/public/mnsymbol/MnSymbol6.pf
b><C:/Users/braun/AppData/Local/Programs/MiKTeX/fonts/type1/public/mnsymbol/MnS
ymbol7.pfb><C:/Users/braun/AppData/Local/Programs/MiKTeX/fonts/type1/public/mns
ymbol/MnSymbol8.pfb><C:/Users/braun/AppData/Local/Programs/MiKTeX/fonts/type1/p
ublic/mnsymbol/MnSymbol9.pfb><C:/Users/braun/AppData/Local/Programs/MiKTeX/font
s/type1/public/amsfonts/cm/cmmi10.pfb><C:/Users/braun/AppData/Local/Programs/Mi
KTeX/fonts/type1/public/amsfonts/symbols/msbm10.pfb><C:/Users/braun/AppData/Loc
al/Programs/MiKTeX/fonts/type1/urw/courier/ucrb8a.pfb><C:/Users/braun/AppData/L
ocal/Programs/MiKTeX/fonts/type1/urw/courier/ucrr8a.pfb><C:/Users/braun/AppData
/Local/Programs/MiKTeX/fonts/type1/urw/symbol/usyr.pfb><C:/Users/braun/AppData/
Local/Programs/MiKTeX/fonts/type1/urw/symbol/usyr.pfb><C:/Users/braun/AppData/L
ocal/Programs/MiKTeX/fonts/type1/urw/times/utmb8a.pfb><C:/Users/braun/AppData/L
ocal/Programs/MiKTeX/fonts/type1/urw/times/utmb8a.pfb><C:/Users/braun/AppData/L
ocal/Programs/MiKTeX/fonts/type1/urw/times/utmbi8a.pfb><C:/Users/braun/AppData/
Local/Programs/MiKTeX/fonts/type1/urw/times/utmr8a.pfb><C:/Users/braun/AppData/
Local/Programs/MiKTeX/fonts/type1/urw/times/utmri8a.pfb>
Output written on main.pdf (112 pages, 2555098 bytes).
Transcript written on main.log.
pdflatex: major issue: So far, you have not checked for MiKTeX updates.
